Component: ARM Compiler 6.9 Tool: armlink [5ced1b00]

==============================================================================

Section Cross References

    startup_stm32c031xx.o(STACK) refers (Special) to heapauxi.o(.text) for __use_two_region_memory
    startup_stm32c031xx.o(HEAP) refers (Special) to heapauxi.o(.text) for __use_two_region_memory
    startup_stm32c031xx.o(RESET) refers (Special) to heapauxi.o(.text) for __use_two_region_memory
    startup_stm32c031xx.o(RESET) refers to startup_stm32c031xx.o(STACK) for __initial_sp
    startup_stm32c031xx.o(RESET) refers to startup_stm32c031xx.o(.text) for Reset_Handler
    startup_stm32c031xx.o(RESET) refers to stm32c0xx_it.o(.text.NMI_Handler) for NMI_Handler
    startup_stm32c031xx.o(RESET) refers to stm32c0xx_it.o(.text.HardFault_Handler) for HardFault_Handler
    startup_stm32c031xx.o(RESET) refers to stm32c0xx_it.o(.text.SVC_Handler) for SVC_Handler
    startup_stm32c031xx.o(RESET) refers to stm32c0xx_it.o(.text.PendSV_Handler) for PendSV_Handler
    startup_stm32c031xx.o(RESET) refers to stm32c0xx_it.o(.text.SysTick_Handler) for SysTick_Handler
    startup_stm32c031xx.o(.text) refers (Special) to heapauxi.o(.text) for __use_two_region_memory
    startup_stm32c031xx.o(.text) refers to system_stm32c0xx.o(.text.SystemInit) for SystemInit
    startup_stm32c031xx.o(.text) refers to __main.o(!!!main) for __main
    startup_stm32c031xx.o(.text) refers to startup_stm32c031xx.o(HEAP) for Heap_Mem
    startup_stm32c031xx.o(.text) refers to startup_stm32c031xx.o(STACK) for Stack_Mem
    main.o(.text.main) refers to stm32c0xx_hal.o(.text.HAL_Init) for HAL_Init
    main.o(.text.main) refers to main.o(.text.SystemClock_Config) for SystemClock_Config
    main.o(.text.main) refers to stm32c0xx_hal_gpio.o(.text.HAL_GPIO_WritePin) for HAL_GPIO_WritePin
    main.o(.text.main) refers to stm32c0xx_hal_adc.o(.text.HAL_ADC_Init) for HAL_ADC_Init
    main.o(.text.main) refers to stm32c0xx_hal_adc.o(.text.HAL_ADC_ConfigChannel) for HAL_ADC_ConfigChannel
    main.o(.text.main) refers to rt_memclr.o(.text) for __aeabi_memclr4
    main.o(.text.main) refers to stm32c0xx_hal_tim.o(.text.HAL_TIM_Base_Init) for HAL_TIM_Base_Init
    main.o(.text.main) refers to stm32c0xx_hal_tim.o(.text.HAL_TIM_ConfigClockSource) for HAL_TIM_ConfigClockSource
    main.o(.text.main) refers to stm32c0xx_hal_tim.o(.text.HAL_TIM_OC_Init) for HAL_TIM_OC_Init
    main.o(.text.main) refers to stm32c0xx_hal_tim_ex.o(.text.HAL_TIMEx_MasterConfigSynchronization) for HAL_TIMEx_MasterConfigSynchronization
    main.o(.text.main) refers to stm32c0xx_hal_tim.o(.text.HAL_TIM_OC_ConfigChannel) for HAL_TIM_OC_ConfigChannel
    main.o(.text.main) refers to stm32c0xx_hal_tim_ex.o(.text.HAL_TIMEx_ConfigBreakDeadTime) for HAL_TIMEx_ConfigBreakDeadTime
    main.o(.text.main) refers to main_8.o(.text.main_8) for main_8
    main.o(.text.main) refers to stm32c0xx_hal_gpio.o(.text.HAL_GPIO_Init) for HAL_GPIO_Init
    main.o(.text.main) refers to main.o(.bss..L_MergedGlobals.2) for [Anonymous Symbol]
    main.o(.text.main) refers to main.o(.bss..L_MergedGlobals.1) for [Anonymous Symbol]
    main.o(.text.main) refers to main.o(.bss..L_MergedGlobals) for [Anonymous Symbol]
    main.o(.ARM.exidx.text.main) refers to main.o(.text.main) for [Anonymous Symbol]
    main.o(.text.SystemClock_Config) refers to rt_memclr.o(.text) for __aeabi_memclr4
    main.o(.text.SystemClock_Config) refers to stm32c0xx_hal_rcc.o(.text.HAL_RCC_OscConfig) for HAL_RCC_OscConfig
    main.o(.text.SystemClock_Config) refers to stm32c0xx_hal_rcc.o(.text.HAL_RCC_ClockConfig) for HAL_RCC_ClockConfig
    main.o(.ARM.exidx.text.SystemClock_Config) refers to main.o(.text.SystemClock_Config) for [Anonymous Symbol]
    main.o(.ARM.exidx.text.Error_Handler) refers to main.o(.text.Error_Handler) for [Anonymous Symbol]
    stm32c0xx_it.o(.ARM.exidx.text.NMI_Handler) refers to stm32c0xx_it.o(.text.NMI_Handler) for [Anonymous Symbol]
    stm32c0xx_it.o(.ARM.exidx.text.HardFault_Handler) refers to stm32c0xx_it.o(.text.HardFault_Handler) for [Anonymous Symbol]
    stm32c0xx_it.o(.ARM.exidx.text.SVC_Handler) refers to stm32c0xx_it.o(.text.SVC_Handler) for [Anonymous Symbol]
    stm32c0xx_it.o(.ARM.exidx.text.PendSV_Handler) refers to stm32c0xx_it.o(.text.PendSV_Handler) for [Anonymous Symbol]
    stm32c0xx_it.o(.text.SysTick_Handler) refers to stm32c0xx_hal.o(.text.HAL_IncTick) for HAL_IncTick
    stm32c0xx_it.o(.ARM.exidx.text.SysTick_Handler) refers to stm32c0xx_it.o(.text.SysTick_Handler) for [Anonymous Symbol]
    stm32c0xx_hal_msp.o(.ARM.exidx.text.HAL_MspInit) refers to stm32c0xx_hal_msp.o(.text.HAL_MspInit) for [Anonymous Symbol]
    stm32c0xx_hal_msp.o(.text.HAL_ADC_MspInit) refers to rt_memclr.o(.text) for __aeabi_memclr4
    stm32c0xx_hal_msp.o(.text.HAL_ADC_MspInit) refers to stm32c0xx_hal_rcc_ex.o(.text.HAL_RCCEx_PeriphCLKConfig) for HAL_RCCEx_PeriphCLKConfig
[...]
    Removing usart.o(.text.USART_EnableIT), (24 bytes).
    Removing usart.o(.ARM.exidx.text.USART_EnableIT), (8 bytes).
    Removing usart.o(.ARM.exidx.text.USART_ReceivePacket), (8 bytes).
    Removing usart.o(.text.USART_DisableIT), (40 bytes).
    Removing usart.o(.ARM.exidx.text.USART_DisableIT), (8 bytes).
    Removing usart.o(.text.USART_WhileBusy), (2 bytes).
    Removing usart.o(.ARM.exidx.text.USART_WhileBusy), (8 bytes).
    Removing usart.o(.text.USART_SendByte), (44 bytes).
    Removing usart.o(.ARM.exidx.text.USART_SendByte), (8 bytes).
    Removing usart.o(.ARM.exidx.text.USART_SendString), (8 bytes).
    Removing usart.o(.ARM.exidx.text.USART_SendValue), (8 bytes).
    Removing timers.o(.text), (0 bytes).
    Removing timers.o(.ARM.exidx.text.Timers_Config), (8 bytes).
    Removing timers.o(.ARM.exidx.text.Timers_ConfigWave), (8 bytes).
    Removing main_8.o(.text), (0 bytes).
    Removing main_8.o(.ARM.exidx.text.main_8), (8 bytes).
    Removing main_8.o(.bss.numReply), (4 bytes).
    Removing main_8.o(.bss.infault), (1 bytes).
    Removing main_8.o(.bss.current_pulse_width), (1 bytes).
    Removing main_8.o(.data.percentage), (1 bytes).
    Removing main_8.o(.data.flash_rate), (1 bytes).
    Removing main_8.o(.bss.i), (4 bytes).

911 unused section(s) (total 33518 bytes) removed from the image.

==============================================================================

Image Symbol Table

    Local Symbols

    Symbol Name                              Value     Ov Type        Size  Object(Section)

    ../clib/angel/boardlib.s                 0x00000000   Number         0  boardinit1.o ABSOLUTE
    ../clib/angel/boardlib.s                 0x00000000   Number         0  boardinit2.o ABSOLUTE
    ../clib/angel/boardlib.s                 0x00000000   Number         0  boardshut.o ABSOLUTE
    ../clib/angel/boardlib.s                 0x00000000   Number         0  boardinit3.o ABSOLUTE
    ../clib/angel/handlers.s                 0x00000000   Number         0  __scatter_copy.o ABSOLUTE
    ../clib/angel/handlers.s                 0x00000000   Number         0  __scatter_zi.o ABSOLUTE
    ../clib/angel/kernel.s                   0x00000000   Number         0  rtexit2.o ABSOLUTE
    ../clib/angel/kernel.s                   0x00000000   Number         0  rtexit.o ABSOLUTE
    ../clib/angel/kernel.s                   0x00000000   Number         0  __rtentry2.o ABSOLUTE
    ../clib/angel/kernel.s                   0x00000000   Number         0  __rtentry.o ABSOLUTE
    ../clib/angel/kernel.s                   0x00000000   Number         0  __rtentry4.o ABSOLUTE
    ../clib/angel/rt.s                       0x00000000   Number         0  rt_raise.o ABSOLUTE
    ../clib/angel/rt.s                       0x00000000   Number         0  aeabi_idiv0_sigfpe.o ABSOLUTE
    ../clib/angel/rt.s                       0x00000000   Number         0  aeabi_idiv0.o ABSOLUTE
    ../clib/angel/rt.s                       0x00000000   Number         0  rt_div0.o ABSOLUTE
    ../clib/angel/scatterp.s                 0x00000000   Number         0  __scatter.o ABSOLUTE
    ../clib/angel/startup.s                  0x00000000   Number         0  __main.o ABSOLUTE
    ../clib/angel/sys.s                      0x00000000   Number         0  sys_stackheap_outer.o ABSOLUTE
    ../clib/angel/sys.s                      0x00000000   Number         0  use_no_semi.o ABSOLUTE
    ../clib/angel/sys.s                      0x00000000   Number         0  tempstk.o ABSOLUTE
    ../clib/angel/sys.s                      0x00000000   Number         0  libspace.o ABSOLUTE
    ../clib/angel/sys.s                      0x00000000   Number         0  indicate_semi.o ABSOLUTE
    ../clib/angel/sysapp.c                   0x00000000   Number         0  sys_exit.o ABSOLUTE
    ../clib/angel/sysapp.c                   0x00000000   Number         0  sys_exit_hlt.o ABSOLUTE
    ../clib/angel/sysapp.c                   0x00000000   Number         0  sys_command_hlt.o ABSOLUTE
    ../clib/angel/sysapp.c                   0x00000000   Number         0  sys_command.o ABSOLUTE
    ../clib/angel/sysapp.c                   0x00000000   Number         0  sys_wrch_hlt.o ABSOLUTE
    ../clib/angel/sysapp.c                   0x00000000   Number         0  sys_wrch.o ABSOLUTE
    ../clib/armsys.c                         0x00000000   Number         0  _get_argv_nomalloc.o ABSOLUTE
    ../clib/armsys.c                         0x00000000   Number         0  argv_veneer.o ABSOLUTE
    ../clib/armsys.c                         0x00000000   Number         0  no_argv.o ABSOLUTE
    ../clib/division.s                       0x00000000   Number         0  aeabi_sdiv.o ABSOLUTE
    ../clib/division.s                       0x00000000   Number         0  aeabi_sdiv_div0.o ABSOLUTE
    ../clib/heapalloc.c                      0x00000000   Number         0  hrguard.o ABSOLUTE
    ../clib/heapaux.c                        0x00000000   Number         0  heapauxi.o ABSOLUTE
    ../clib/libinit.s                        0x00000000   Number         0  libinit.o ABSOLUTE
    ../clib/libinit.s                        0x00000000   Number         0  libshutdown2.o ABSOLUTE
    ../clib/libinit.s                        0x00000000   Number         0  libinit2.o ABSOLUTE
    ../clib/libinit.s                        0x00000000   Number         0  libshutdown.o ABSOLUTE
    ../clib/memcpset.c                       0x00000000   Number         0  rt_memclr.o ABSOLUTE
    ../clib/signal.c                         0x00000000   Number         0  defsig_other.o ABSOLUTE
    ../clib/signal.c                         0x00000000   Number         0  defsig_segv_inner.o ABSOLUTE
    ../clib/signal.c                         0x00000000   Number         0  defsig_cppl_inner.o ABSOLUTE
    ../clib/signal.c                         0x00000000   Number         0  defsig_pvfn_inner.o ABSOLUTE
    ../clib/signal.c                         0x00000000   Number         0  defsig_rtmem_formal.o ABSOLUTE
    ../clib/signal.c                         0x00000000   Number         0  defsig_rtmem_outer.o ABSOLUTE
    ../clib/signal.c                         0x00000000   Number         0  defsig_rtmem_inner.o ABSOLUTE
    ../clib/signal.c                         0x00000000   Number         0  defsig_rtred_inner.o ABSOLUTE
    ../clib/signal.c                         0x00000000   Number         0  defsig_abrt_inner.o ABSOLUTE
    ../clib/signal.c                         0x00000000   Number         0  defsig_stak_inner.o ABSOLUTE
    ../clib/signal.c                         0x00000000   Number         0  defsig_general.o ABSOLUTE
    ../clib/signal.c                         0x00000000   Number         0  __raise.o ABSOLUTE
    ../clib/signal.c                         0x00000000   Number         0  defsig_fpe_outer.o ABSOLUTE
    ../clib/signal.c                         0x00000000   Number         0  defsig_fpe_formal.o ABSOLUTE
    ../clib/signal.c                         0x00000000   Number         0  defsig_exit.o ABSOLUTE
    ../clib/signal.c                         0x00000000   Number         0  defsig_fpe_inner.o ABSOLUTE
    ../clib/signal.s                         0x00000000   Number         0  defsig.o ABSOLUTE
    ../clib/stdlib.c                         0x00000000   Number         0  exit.o ABSOLUTE
    ../clib/string.c                         0x00000000   Number         0  strcpy.o ABSOLUTE
    ../clib/string.c                         0x00000000   Number         0  strlen.o ABSOLUTE
    ../fplib/cfplib/fpinit.c                 0x00000000   Number         0  fpinit.o ABSOLUTE
    ADC.c                                    0x00000000   Number         0  adc.o ABSOLUTE
    I2C.c                                    0x00000000   Number         0  i2c.o ABSOLUTE
    clock.c                                  0x00000000   Number         0  clock.o ABSOLUTE
    dc.s                                     0x00000000   Number         0  dc.o ABSOLUTE
    flash.c                                  0x00000000   Number         0  flash.o ABSOLUTE
    gpio.c                                   0x00000000   Number         0  gpio.o ABSOLUTE
    main.c                                   0x00000000   Number         0  main.o ABSOLUTE
    main_8.c                                 0x00000000   Number         0  main_8.o ABSOLUTE
    registers.c                              0x00000000   Number         0  registers.o ABSOLUTE
    sounder.c                                0x00000000   Number         0  sounder.o ABSOLUTE
    startup_stm32c031xx.s                    0x00000000   Number         0  startup_stm32c031xx.o ABSOLUTE
    stm32c0xx_hal.c                          0x00000000   Number         0  stm32c0xx_hal.o ABSOLUTE
    stm32c0xx_hal_adc.c                      0x00000000   Number         0  stm32c0xx_hal_adc.o ABSOLUTE
    stm32c0xx_hal_adc_ex.c                   0x00000000   Number         0  stm32c0xx_hal_adc_ex.o ABSOLUTE
    stm32c0xx_hal_cortex.c                   0x00000000   Number         0  stm32c0xx_hal_cortex.o ABSOLUTE
    stm32c0xx_hal_dma.c                      0x00000000   Number         0  stm32c0xx_hal_dma.o ABSOLUTE
    stm32c0xx_hal_dma_ex.c                   0x00000000   Number         0  stm32c0xx_hal_dma_ex.o ABSOLUTE
    stm32c0xx_hal_exti.c                     0x00000000   Number         0  stm32c0xx_hal_exti.o ABSOLUTE
    stm32c0xx_hal_flash.c                    0x00000000   Number         0  stm32c0xx_hal_flash.o ABSOLUTE
    stm32c0xx_hal_flash_ex.c                 0x00000000   Number         0  stm32c0xx_hal_flash_ex.o ABSOLUTE
    stm32c0xx_hal_gpio.c                     0x00000000   Number         0  stm32c0xx_hal_gpio.o ABSOLUTE
    stm32c0xx_hal_msp.c                      0x00000000   Number         0  stm32c0xx_hal_msp.o ABSOLUTE
    stm32c0xx_hal_pwr.c                      0x00000000   Number         0  stm32c0xx_hal_pwr.o ABSOLUTE
    stm32c0xx_hal_pwr_ex.c                   0x00000000   Number         0  stm32c0xx_hal_pwr_ex.o ABSOLUTE
    stm32c0xx_hal_rcc.c                      0x00000000   Number         0  stm32c0xx_hal_rcc.o ABSOLUTE
    stm32c0xx_hal_rcc_ex.c                   0x00000000   Number         0  stm32c0xx_hal_rcc_ex.o ABSOLUTE
    stm32c0xx_hal_tim.c                      0x00000000   Number         0  stm32c0xx_hal_tim.o ABSOLUTE
    stm32c0xx_hal_tim_ex.c                   0x00000000   Number         0  stm32c0xx_hal_tim_ex.o ABSOLUTE
    stm32c0xx_it.c                           0x00000000   Number         0  stm32c0xx_it.o ABSOLUTE
    stm8_interrupt_vector.c                  0x00000000   Number         0  stm8_interrupt_vector.o ABSOLUTE
    system_stm32c0xx.c                       0x00000000   Number         0  system_stm32c0xx.o ABSOLUTE
    timers.c                                 0x00000000   Number         0  timers.o ABSOLUTE
    usart.c                                  0x00000000   Number         0  usart.o ABSOLUTE
    utils.c                                  0x00000000   Number         0  utils.o ABSOLUTE
    wrap.c                                   0x00000000   Number         0  wrap.o ABSOLUTE
    RESET                                    0x08000000   Section      192  startup_stm32c031xx.o(RESET)
    !!!main                                  0x080000c0   Section        8  __main.o(!!!main)
    !!!scatter                               0x080000c8   Section       60  __scatter.o(!!!scatter)
    !!handler_copy                           0x08000104   Section       26  __scatter_copy.o(!!handler_copy)
    !!handler_zi                             0x08000120   Section       28  __scatter_zi.o(!!handler_zi)
    .ARM.Collect$$libinit$$00000000          0x0800013c   Section        2  libinit.o(.ARM.Collect$$libinit$$00000000)
    .ARM.Collect$$libinit$$00000002          0x0800013e   Section        0  libinit2.o(.ARM.Collect$$libinit$$00000002)
    .ARM.Collect$$libinit$$00000004          0x0800013e   Section        0  libinit2.o(.ARM.Collect$$libinit$$00000004)
    .ARM.Collect$$libinit$$0000000A          0x0800013e   Section        0  libinit2.o(.ARM.Collect$$libinit$$0000000A)
    .ARM.Collect$$libinit$$0000000C          0x0800013e   Section        0  libinit2.o(.ARM.Collect$$libinit$$0000000C)
    .ARM.Collect$$libinit$$0000000E          0x0800013e   Section        0  libinit2.o(.ARM.Collect$$libinit$$0000000E)
    .ARM.Collect$$libinit$$00000011          0x0800013e   Section        0  libinit2.o(.ARM.Collect$$libinit$$00000011)
    .ARM.Collect$$libinit$$00000013          0x0800013e   Section        0  libinit2.o(.ARM.Collect$$libinit$$00000013)
    .ARM.Collect$$libinit$$00000015          0x0800013e   Section        0  libinit2.o(.ARM.Collect$$libinit$$00000015)
    .ARM.Collect$$libinit$$00000017          0x0800013e   Section        0  libinit2.o(.ARM.Collect$$libinit$$00000017)
    .ARM.Collect$$libinit$$00000019          0x0800013e   Section        0  libinit2.o(.ARM.Collect$$libinit$$00000019)
    .ARM.Collect$$libinit$$0000001B          0x0800013e   Section        0  libinit2.o(.ARM.Collect$$libinit$$0000001B)
    .ARM.Collect$$libinit$$0000001D          0x0800013e   Section        0  libinit2.o(.ARM.Collect$$libinit$$0000001D)
    .ARM.Collect$$libinit$$0000001F          0x0800013e   Section        0  libinit2.o(.ARM.Collect$$libinit$$0000001F)
    .ARM.Collect$$libinit$$00000021          0x0800013e   Section        0  libinit2.o(.ARM.Collect$$libinit$$00000021)
    .ARM.Collect$$libinit$$00000023          0x0800013e   Section        0  libinit2.o(.ARM.Collect$$libinit$$00000023)
    .ARM.Collect$$libinit$$00000025          0x0800013e   Section        0  libinit2.o(.ARM.Collect$$libinit$$00000025)
    .ARM.Collect$$libinit$$0000002C          0x0800013e   Section        0  libinit2.o(.ARM.Collect$$libinit$$0000002C)
    .ARM.Collect$$libinit$$0000002E          0x0800013e   Section        0  libinit2.o(.ARM.Collect$$libinit$$0000002E)
    .ARM.Collect$$libinit$$00000030          0x0800013e   Section        0  libinit2.o(.ARM.Collect$$libinit$$00000030)
    .ARM.Collect$$libinit$$00000032          0x0800013e   Section        0  libinit2.o(.ARM.Collect$$libinit$$00000032)
    .ARM.Collect$$libinit$$00000033          0x0800013e   Section        2  libinit2.o(.ARM.Collect$$libinit$$00000033)
    .ARM.Collect$$libshutdown$$00000000      0x08000140   Section        2  libshutdown.o(.ARM.Collect$$libshutdown$$00000000)
    .ARM.Collect$$libshutdown$$00000002      0x08000142   Section        0  libshutdown2.o(.ARM.Collect$$libshutdown$$00000002)
    .ARM.Collect$$libshutdown$$00000004      0x08000142   Section        0  libshutdown2.o(.ARM.Collect$$libshutdown$$00000004)
    .ARM.Collect$$libshutdown$$00000007      0x08000142   Section        0  libshutdown2.o(.ARM.Collect$$libshutdown$$00000007)
    .ARM.Collect$$libshutdown$$0000000A      0x08000142   Section        0  libshutdown2.o(.ARM.Collect$$libshutdown$$0000000A)
    .ARM.Collect$$libshutdown$$0000000C      0x08000142   Section        0  libshutdown2.o(.ARM.Collect$$libshutdown$$0000000C)
    .ARM.Collect$$libshutdown$$0000000F      0x08000142   Section        0  libshutdown2.o(.ARM.Collect$$libshutdown$$0000000F)
    .ARM.Collect$$libshutdown$$00000010      0x08000142   Section        2  libshutdown2.o(.ARM.Collect$$libshutdown$$00000010)
    .ARM.Collect$$rtentry$$00000000          0x08000144   Section        0  __rtentry.o(.ARM.Collect$$rtentry$$00000000)
    .ARM.Collect$$rtentry$$00000002          0x08000144   Section        0  __rtentry2.o(.ARM.Collect$$rtentry$$00000002)
    .ARM.Collect$$rtentry$$00000004          0x08000144   Section        6  __rtentry4.o(.ARM.Collect$$rtentry$$00000004)
    .ARM.Collect$$rtentry$$00000009          0x0800014a   Section        0  __rtentry2.o(.ARM.Collect$$rtentry$$00000009)
    .ARM.Collect$$rtentry$$0000000A          0x0800014a   Section        4  __rtentry2.o(.ARM.Collect$$rtentry$$0000000A)
    .ARM.Collect$$rtentry$$0000000C          0x0800014e   Section        0  __rtentry2.o(.ARM.Collect$$rtentry$$0000000C)
    .ARM.Collect$$rtentry$$0000000D          0x0800014e   Section        8  __rtentry2.o(.ARM.Collect$$rtentry$$0000000D)
    .ARM.Collect$$rtexit$$00000000           0x08000156   Section        2  rtexit.o(.ARM.Collect$$rtexit$$00000000)
    .ARM.Collect$$rtexit$$00000002           0x08000158   Section        0  rtexit2.o(.ARM.Collect$$rtexit$$00000002)
    .ARM.Collect$$rtexit$$00000003           0x08000158   Section        4  rtexit2.o(.ARM.Collect$$rtexit$$00000003)
    .ARM.Collect$$rtexit$$00000004           0x0800015c   Section        6  rtexit2.o(.ARM.Collect$$rtexit$$00000004)
    .text                                    0x08000164   Section       56  startup_stm32c031xx.o(.text)
    .text                                    0x0800019c   Section        0  strcpy.o(.text)
    .text                                    0x080001e8   Section        0  strlen.o(.text)
    .text                                    0x0800022c   Section        0  rt_memclr.o(.text)
    .text                                    0x0800026c   Section      346  aeabi_sdiv.o(.text)
    .text                                    0x080003c6   Section        0  heapauxi.o(.text)
    .text                                    0x080003cc   Section       62  sys_stackheap_outer.o(.text)
    .text                                    0x0800040a   Section        0  exit.o(.text)
    .text                                    0x0800041c   Section        8  libspace.o(.text)
    .text                                    0x08000424   Section        0  sys_exit.o(.text)
    .text                                    0x08000430   Section        2  use_no_semi.o(.text)
    .text                                    0x08000432   Section        0  indicate_semi.o(.text)
    [Anonymous Symbol]                       0x08000434   Section        0  adc.o(.text.ADC_Activation)
    __arm_cp.2_0                             0x08000470   Number         4  adc.o(.text.ADC_Activation)
    __arm_cp.2_1                             0x08000474   Number         4  adc.o(.text.ADC_Activation)
    __arm_cp.2_2                             0x08000478   Number         4  adc.o(.text.ADC_Activation)
    [Anonymous Symbol]                       0x08000494   Section        0  wrap.o(.text.ADC_ChannelCmd)
    [Anonymous Symbol]                       0x08000496   Section        0  wrap.o(.text.ADC_Cmd)
    [Anonymous Symbol]                       0x08000498   Section        0  adc.o(.text.ADC_Config)
    __arm_cp.0_0                             0x080004e4   Number         4  adc.o(.text.ADC_Config)
    [Anonymous Symbol]                       0x080004e8   Section        0  wrap.o(.text.ADC_ITConfig)
    [Anonymous Symbol]                       0x080004ea   Section        0  wrap.o(.text.ADC_Init)
    [Anonymous Symbol]                       0x080004ec   Section        0  wrap.o(.text.ADC_SamplingTimeConfig)
    [Anonymous Symbol]                       0x080004ee   Section        0  wrap.o(.text.ADC_SoftwareStartConv)
    [Anonymous Symbol]                       0x080004f0   Section        0  wrap.o(.text.CLK_GetFlagStatus)
    [Anonymous Symbol]                       0x080004f4   Section        0  wrap.o(.text.CLK_HSEConfig)
    [Anonymous Symbol]                       0x080004f6   Section        0  wrap.o(.text.CLK_PeripheralClockConfig)
    [Anonymous Symbol]                       0x080004f8   Section        0  wrap.o(.text.CLK_SYSCLKDivConfig)
    [Anonymous Symbol]                       0x080004fa   Section        0  clock.o(.text.Clock_Config)
    [Anonymous Symbol]                       0x0800052e   Section        0  main.o(.text.Error_Handler)
    [Anonymous Symbol]                       0x08000536   Section        0  wrap.o(.text.GPIO_Config)
    [Anonymous Symbol]                       0x08000538   Section        0  stm32c0xx_hal_adc.o(.text.HAL_ADC_ConfigChannel)
    __arm_cp.24_0                            0x080007a8   Number         4  stm32c0xx_hal_adc.o(.text.HAL_ADC_ConfigChannel)
    __arm_cp.24_1                            0x080007ac   Number         4  stm32c0xx_hal_adc.o(.text.HAL_ADC_ConfigChannel)
    __arm_cp.24_2                            0x080007b0   Number         4  stm32c0xx_hal_adc.o(.text.HAL_ADC_ConfigChannel)
    __arm_cp.24_3                            0x080007b4   Number         4  stm32c0xx_hal_adc.o(.text.HAL_ADC_ConfigChannel)
    __arm_cp.24_4                            0x080007b8   Number         4  stm32c0xx_hal_adc.o(.text.HAL_ADC_ConfigChannel)
    __arm_cp.24_5                            0x080007bc   Number         4  stm32c0xx_hal_adc.o(.text.HAL_ADC_ConfigChannel)
    __arm_cp.24_6                            0x080007c0   Number         4  stm32c0xx_hal_adc.o(.text.HAL_ADC_ConfigChannel)
    __arm_cp.24_7                            0x080007c4   Number         4  stm32c0xx_hal_adc.o(.text.HAL_ADC_ConfigChannel)
    [Anonymous Symbol]                       0x080007c8   Section        0  stm32c0xx_hal_adc.o(.text.HAL_ADC_Init)
    __arm_cp.0_0                             0x08000a24   Number         4  stm32c0xx_hal_adc.o(.text.HAL_ADC_Init)
    __arm_cp.0_1                             0x08000a28   Number         4  stm32c0xx_hal_adc.o(.text.HAL_ADC_Init)
    __arm_cp.0_2                             0x08000a2c   Number         4  stm32c0xx_hal_adc.o(.text.HAL_ADC_Init)
    __arm_cp.0_3                             0x08000a30   Number         4  stm32c0xx_hal_adc.o(.text.HAL_ADC_Init)
    __arm_cp.0_4                             0x08000a34   Number         4  stm32c0xx_hal_adc.o(.text.HAL_ADC_Init)
    __arm_cp.0_5                             0x08000a38   Number         4  stm32c0xx_hal_adc.o(.text.HAL_ADC_Init)
    [Anonymous Symbol]                       0x08000a3c   Section        0  stm32c0xx_hal_msp.o(.text.HAL_ADC_MspInit)
    __arm_cp.1_0                             0x08000aac   Number         4  stm32c0xx_hal_msp.o(.text.HAL_ADC_MspInit)
    __arm_cp.1_1                             0x08000ab0   Number         4  stm32c0xx_hal_msp.o(.text.HAL_ADC_MspInit)
    [Anonymous Symbol]                       0x08000ab4   Section        0  stm32c0xx_hal_gpio.o(.text.HAL_GPIO_Init)
    __arm_cp.0_0                             0x08000c5c   Number         4  stm32c0xx_hal_gpio.o(.text.HAL_GPIO_Init)
    __arm_cp.0_1                             0x08000c60   Number         4  stm32c0xx_hal_gpio.o(.text.HAL_GPIO_Init)
    __arm_cp.0_2                             0x08000c64   Number         4  stm32c0xx_hal_gpio.o(.text.HAL_GPIO_Init)
    __arm_cp.0_3                             0x08000c68   Number         4  stm32c0xx_hal_gpio.o(.text.HAL_GPIO_Init)
    [Anonymous Symbol]                       0x08000c6c   Section        0  stm32c0xx_hal_gpio.o(.text.HAL_GPIO_WritePin)
    [Anonymous Symbol]                       0x08000c7c   Section        0  stm32c0xx_hal.o(.text.HAL_GetTick)
    [Anonymous Symbol]                       0x08000c84   Section        0  stm32c0xx_hal.o(.text.HAL_IncTick)
    [Anonymous Symbol]                       0x08000c90   Section        0  stm32c0xx_hal.o(.text.HAL_Init)
    [Anonymous Symbol]                       0x08000cac   Section        0  stm32c0xx_hal.o(.text.HAL_InitTick)
    __arm_cp.1_0                             0x08000cec   Number         4  stm32c0xx_hal.o(.text.HAL_InitTick)
    [Anonymous Symbol]                       0x08000cf0   Section        0  stm32c0xx_hal_msp.o(.text.HAL_MspInit)
    [Anonymous Symbol]                       0x08000d18   Section        0  stm32c0xx_hal_cortex.o(.text.HAL_NVIC_SetPriority)
    [Anonymous Symbol]                       0x08000d20   Section        0  stm32c0xx_hal_rcc_ex.o(.text.HAL_RCCEx_PeriphCLKConfig)
    __arm_cp.0_0                             0x08000e1c   Number         4  stm32c0xx_hal_rcc_ex.o(.text.HAL_RCCEx_PeriphCLKConfig)
    __arm_cp.0_1                             0x08000e20   Number         4  stm32c0xx_hal_rcc_ex.o(.text.HAL_RCCEx_PeriphCLKConfig)
    [Anonymous Symbol]                       0x08000e24   Section        0  stm32c0xx_hal_rcc.o(.text.HAL_RCC_ClockConfig)
    __arm_cp.2_0                             0x08000f98   Number         4  stm32c0xx_hal_rcc.o(.text.HAL_RCC_ClockConfig)
    __arm_cp.2_1                             0x08000f9c   Number         4  stm32c0xx_hal_rcc.o(.text.HAL_RCC_ClockConfig)
    __arm_cp.2_3                             0x08000fa0   Number         4  stm32c0xx_hal_rcc.o(.text.HAL_RCC_ClockConfig)
    __arm_cp.2_4                             0x08000fa4   Number         4  stm32c0xx_hal_rcc.o(.text.HAL_RCC_ClockConfig)
    [Anonymous Symbol]                       0x08000fa8   Section        0  stm32c0xx_hal_rcc.o(.text.HAL_RCC_GetSysClockFreq)
    __arm_cp.3_0                             0x08000fec   Number         4  stm32c0xx_hal_rcc.o(.text.HAL_RCC_GetSysClockFreq)
    __arm_cp.3_1                             0x08000ff0   Number         4  stm32c0xx_hal_rcc.o(.text.HAL_RCC_GetSysClockFreq)
    [Anonymous Symbol]                       0x08000ff4   Section        0  stm32c0xx_hal_rcc.o(.text.HAL_RCC_OscConfig)
    __arm_cp.1_0                             0x0800127c   Number         4  stm32c0xx_hal_rcc.o(.text.HAL_RCC_OscConfig)
    __arm_cp.1_1                             0x08001280   Number         4  stm32c0xx_hal_rcc.o(.text.HAL_RCC_OscConfig)
    __arm_cp.1_2                             0x08001284   Number         4  stm32c0xx_hal_rcc.o(.text.HAL_RCC_OscConfig)
    __arm_cp.1_3                             0x08001288   Number         4  stm32c0xx_hal_rcc.o(.text.HAL_RCC_OscConfig)
    __arm_cp.1_4                             0x0800128c   Number         4  stm32c0xx_hal_rcc.o(.text.HAL_RCC_OscConfig)
    [Anonymous Symbol]                       0x08001290   Section        0  stm32c0xx_hal_cortex.o(.text.HAL_SYSTICK_Config)
    __arm_cp.5_0                             0x080012b8   Number         4  stm32c0xx_hal_cortex.o(.text.HAL_SYSTICK_Config)
    __arm_cp.5_1                             0x080012bc   Number         4  stm32c0xx_hal_cortex.o(.text.HAL_SYSTICK_Config)
    __arm_cp.5_2                             0x080012c0   Number         4  stm32c0xx_hal_cortex.o(.text.HAL_SYSTICK_Config)
    [Anonymous Symbol]                       0x080012c4   Section        0  stm32c0xx_hal_tim_ex.o(.text.HAL_TIMEx_ConfigBreakDeadTime)
    __arm_cp.35_0                            0x0800135c   Number         4  stm32c0xx_hal_tim_ex.o(.text.HAL_TIMEx_ConfigBreakDeadTime)
    __arm_cp.35_2                            0x08001360   Number         4  stm32c0xx_hal_tim_ex.o(.text.HAL_TIMEx_ConfigBreakDeadTime)
    __arm_cp.35_3                            0x08001364   Number         4  stm32c0xx_hal_tim_ex.o(.text.HAL_TIMEx_ConfigBreakDeadTime)
    __arm_cp.35_4                            0x08001368   Number         4  stm32c0xx_hal_tim_ex.o(.text.HAL_TIMEx_ConfigBreakDeadTime)
    [Anonymous Symbol]                       0x0800136c   Section        0  stm32c0xx_hal_tim_ex.o(.text.HAL_TIMEx_MasterConfigSynchronization)
    [Anonymous Symbol]                       0x080013cc   Section        0  stm32c0xx_hal_tim.o(.text.HAL_TIM_Base_Init)
    [Anonymous Symbol]                       0x08001430   Section        0  stm32c0xx_hal_msp.o(.text.HAL_TIM_Base_MspInit)
    __arm_cp.3_0                             0x0800146c   Number         4  stm32c0xx_hal_msp.o(.text.HAL_TIM_Base_MspInit)
    __arm_cp.3_1                             0x08001470   Number         4  stm32c0xx_hal_msp.o(.text.HAL_TIM_Base_MspInit)
    __arm_cp.3_2                             0x08001474   Number         4  stm32c0xx_hal_msp.o(.text.HAL_TIM_Base_MspInit)
    [Anonymous Symbol]                       0x08001478   Section        0  stm32c0xx_hal_tim.o(.text.HAL_TIM_ConfigClockSource)
    __arm_cp.96_0                            0x08001578   Number         4  stm32c0xx_hal_tim.o(.text.HAL_TIM_ConfigClockSource)
    __arm_cp.96_1                            0x0800157c   Number         4  stm32c0xx_hal_tim.o(.text.HAL_TIM_ConfigClockSource)
    [Anonymous Symbol]                       0x08001580   Section        0  stm32c0xx_hal_tim.o(.text.HAL_TIM_OC_ConfigChannel)
    [Anonymous Symbol]                       0x080015e2   Section        0  stm32c0xx_hal_tim.o(.text.HAL_TIM_OC_Init)
    [Anonymous Symbol]                       0x08001644   Section        0  stm32c0xx_hal_tim.o(.text.HAL_TIM_OC_MspInit)
    [Anonymous Symbol]                       0x08001646   Section        0  stm32c0xx_it.o(.text.HardFault_Handler)
    [Anonymous Symbol]                       0x08001648   Section        0  wrap.o(.text.I2C_Config)
    [Anonymous Symbol]                       0x0800164a   Section        0  wrap.o(.text.LED_Activation)
    [Anonymous Symbol]                       0x0800164c   Section        0  wrap.o(.text.LED_SetFlashRate)
    [Anonymous Symbol]                       0x0800164e   Section        0  stm32c0xx_it.o(.text.NMI_Handler)
    [Anonymous Symbol]                       0x08001650   Section        0  stm32c0xx_it.o(.text.PendSV_Handler)
    [Anonymous Symbol]                       0x08001654   Section        0  registers.o(.text.Regs_Config)
    [Anonymous Symbol]                       0x08001760   Section        0  registers.o(.text.Regs_GetRegisterValueByIndex)
    __arm_cp.2_0                             0x0800177c   Number         4  registers.o(.text.Regs_GetRegisterValueByIndex)
    [Anonymous Symbol]                       0x08001780   Section        0  stm32c0xx_it.o(.text.SVC_Handler)
    [Anonymous Symbol]                       0x08001782   Section        0  wrap.o(.text.SYSCFG_REMAPPinConfig)
    [Anonymous Symbol]                       0x08001784   Section        0  sounder.o(.text.Sounder_Activation)
    __arm_cp.0_0                             0x080017e0   Number         4  sounder.o(.text.Sounder_Activation)
    __arm_cp.0_1                             0x080017e4   Number         4  sounder.o(.text.Sounder_Activation)
    __arm_cp.0_4                             0x08001800   Number         4  sounder.o(.text.Sounder_Activation)
    [Anonymous Symbol]                       0x08001804   Section        0  sounder.o(.text.Sounder_ChangeTone)
    __arm_cp.1_1                             0x0800185c   Number         4  sounder.o(.text.Sounder_ChangeTone)
    __arm_cp.1_2                             0x08001860   Number         4  sounder.o(.text.Sounder_ChangeTone)
    __arm_cp.1_3                             0x08001864   Number         4  sounder.o(.text.Sounder_ChangeTone)
    __arm_cp.1_4                             0x08001868   Number         4  sounder.o(.text.Sounder_ChangeTone)
    __arm_cp.1_5                             0x0800186c   Number         4  sounder.o(.text.Sounder_ChangeTone)
    __arm_cp.1_6                             0x08001870   Number         4  sounder.o(.text.Sounder_ChangeTone)
    [Anonymous Symbol]                       0x08001874   Section        0  stm32c0xx_it.o(.text.SysTick_Handler)
    [Anonymous Symbol]                       0x0800187c   Section        0  main.o(.text.SystemClock_Config)
    [Anonymous Symbol]                       0x080018dc   Section        0  system_stm32c0xx.o(.text.SystemInit)
    __arm_cp.0_0                             0x080018e8   Number         4  system_stm32c0xx.o(.text.SystemInit)
    [Anonymous Symbol]                       0x080018ec   Section        0  wrap.o(.text.TIM3_ARRPreloadConfig)
    [Anonymous Symbol]                       0x080018ee   Section        0  wrap.o(.text.TIM3_Cmd)
    [Anonymous Symbol]                       0x080018f0   Section        0  wrap.o(.text.TIM3_CtrlPWMOutputs)
    [Anonymous Symbol]                       0x080018f2   Section        0  wrap.o(.text.TIM3_OC1Init)
    [Anonymous Symbol]                       0x080018f4   Section        0  wrap.o(.text.TIM3_OC1PreloadConfig)
    [Anonymous Symbol]                       0x080018f6   Section        0  wrap.o(.text.TIM3_SelectOCxM)
    [Anonymous Symbol]                       0x080018f8   Section        0  wrap.o(.text.TIM3_TimeBaseInit)
    __arm_cp.6_0                             0x08001910   Number         4  wrap.o(.text.TIM3_TimeBaseInit)
    [Anonymous Symbol]                       0x08001914   Section        0  wrap.o(.text.TIM4_ClearFlag)
    [Anonymous Symbol]                       0x08001920   Section        0  wrap.o(.text.TIM4_Cmd)
    [Anonymous Symbol]                       0x08001922   Section        0  wrap.o(.text.TIM4_ITConfig)
    [Anonymous Symbol]                       0x08001924   Section        0  wrap.o(.text.TIM4_TimeBaseInit)
    __arm_cp.1_0                             0x08001940   Number         4  wrap.o(.text.TIM4_TimeBaseInit)
    [Anonymous Symbol]                       0x08001944   Section        0  stm32c0xx_hal_tim.o(.text.TIM_Base_SetConfig)
    __arm_cp.2_3                             0x080019c8   Number         4  stm32c0xx_hal_tim.o(.text.TIM_Base_SetConfig)
    __arm_cp.2_4                             0x080019cc   Number         4  stm32c0xx_hal_tim.o(.text.TIM_Base_SetConfig)
    [Anonymous Symbol]                       0x080019d0   Section        0  stm32c0xx_hal_tim.o(.text.TIM_OC1_SetConfig)
    TIM_OC1_SetConfig                        0x080019d1   Thumb Code   112  stm32c0xx_hal_tim.o(.text.TIM_OC1_SetConfig)
    [Anonymous Symbol]                       0x08001a30   Section        0  stm32c0xx_hal_tim.o(.text.TIM_OC2_SetConfig)
    [Anonymous Symbol]                       0x08001a94   Section        0  stm32c0xx_hal_tim.o(.text.TIM_OC3_SetConfig)
    TIM_OC3_SetConfig                        0x08001a95   Thumb Code   124  stm32c0xx_hal_tim.o(.text.TIM_OC3_SetConfig)
    __arm_cp.76_0                            0x08001afc   Number         4  stm32c0xx_hal_tim.o(.text.TIM_OC3_SetConfig)
    __arm_cp.76_4                            0x08001b00   Number         4  stm32c0xx_hal_tim.o(.text.TIM_OC3_SetConfig)
    [Anonymous Symbol]                       0x08001b04   Section        0  stm32c0xx_hal_tim.o(.text.TIM_OC4_SetConfig)
    TIM_OC4_SetConfig                        0x08001b05   Thumb Code   100  stm32c0xx_hal_tim.o(.text.TIM_OC4_SetConfig)
    __arm_cp.77_0                            0x08001b58   Number         4  stm32c0xx_hal_tim.o(.text.TIM_OC4_SetConfig)
    [Anonymous Symbol]                       0x08001b5c   Section        0  stm32c0xx_hal_tim.o(.text.TIM_OC5_SetConfig)
    TIM_OC5_SetConfig                        0x08001b5d   Thumb Code    96  stm32c0xx_hal_tim.o(.text.TIM_OC5_SetConfig)
    __arm_cp.78_0                            0x08001bac   Number         4  stm32c0xx_hal_tim.o(.text.TIM_OC5_SetConfig)
    [Anonymous Symbol]                       0x08001bb0   Section        0  stm32c0xx_hal_tim.o(.text.TIM_OC6_SetConfig)
    TIM_OC6_SetConfig                        0x08001bb1   Thumb Code   100  stm32c0xx_hal_tim.o(.text.TIM_OC6_SetConfig)
    __arm_cp.79_0                            0x08001c04   Number         4  stm32c0xx_hal_tim.o(.text.TIM_OC6_SetConfig)
    __arm_cp.79_1                            0x08001c08   Number         4  stm32c0xx_hal_tim.o(.text.TIM_OC6_SetConfig)
    __arm_cp.79_2                            0x08001c0c   Number         4  stm32c0xx_hal_tim.o(.text.TIM_OC6_SetConfig)
    __arm_cp.79_3                            0x08001c10   Number         4  stm32c0xx_hal_tim.o(.text.TIM_OC6_SetConfig)
    [Anonymous Symbol]                       0x08001c14   Section        0  stm32c0xx_hal_tim.o(.text.TIM_TI1_ConfigInputStage)
    TIM_TI1_ConfigInputStage                 0x08001c15   Thumb Code    34  stm32c0xx_hal_tim.o(.text.TIM_TI1_ConfigInputStage)
    [Anonymous Symbol]                       0x08001c36   Section        0  stm32c0xx_hal_tim.o(.text.TIM_TI2_ConfigInputStage)
    TIM_TI2_ConfigInputStage                 0x08001c37   Thumb Code    38  stm32c0xx_hal_tim.o(.text.TIM_TI2_ConfigInputStage)
    [Anonymous Symbol]                       0x08001c5c   Section        0  timers.o(.text.Timers_Config)
    [Anonymous Symbol]                       0x08001c88   Section        0  timers.o(.text.Timers_ConfigWave)
    __arm_cp.1_0                             0x08001cb8   Number         4  timers.o(.text.Timers_ConfigWave)
    __arm_cp.1_1                             0x08001cbc   Number         4  timers.o(.text.Timers_ConfigWave)
    __arm_cp.1_2                             0x08001cc0   Number         4  timers.o(.text.Timers_ConfigWave)
    [Anonymous Symbol]                       0x08001cc4   Section        0  usart.o(.text.USART_Config)
    __arm_cp.0_0                             0x08001d04   Number         4  usart.o(.text.USART_Config)
    __arm_cp.0_1                             0x08001d08   Number         4  usart.o(.text.USART_Config)
    [Anonymous Symbol]                       0x08001d0c   Section        0  usart.o(.text.USART_ReceivePacket)
    __arm_cp.2_0                             0x08001d4c   Number         4  usart.o(.text.USART_ReceivePacket)
    __arm_cp.2_1                             0x08001d50   Number         4  usart.o(.text.USART_ReceivePacket)
    __arm_cp.2_2                             0x08001d54   Number         4  usart.o(.text.USART_ReceivePacket)
    [Anonymous Symbol]                       0x08001d58   Section        0  usart.o(.text.USART_SendString)
    __arm_cp.6_0                             0x08001d7c   Number         4  usart.o(.text.USART_SendString)
    __arm_cp.6_1                             0x08001d80   Number         4  usart.o(.text.USART_SendString)
    __arm_cp.6_2                             0x08001d84   Number         4  usart.o(.text.USART_SendString)
    __arm_cp.6_3                             0x08001d88   Number         4  usart.o(.text.USART_SendString)
    [Anonymous Symbol]                       0x08001d8c   Section        0  usart.o(.text.USART_SendValue)
    [Anonymous Symbol]                       0x08001e34   Section        0  stm32c0xx_hal_cortex.o(.text.__NVIC_SetPriority)
    __NVIC_SetPriority                       0x08001e35   Thumb Code    64  stm32c0xx_hal_cortex.o(.text.__NVIC_SetPriority)
    __arm_cp.1_0                             0x08001e6c   Number         4  stm32c0xx_hal_cortex.o(.text.__NVIC_SetPriority)
    __arm_cp.1_1                             0x08001e70   Number         4  stm32c0xx_hal_cortex.o(.text.__NVIC_SetPriority)
    [Anonymous Symbol]                       0x08001e74   Section        0  wrap.o(.text.enableInterrupts)
    [Anonymous Symbol]                       0x08001e78   Section        0  main.o(.text.main)
    __arm_cp.0_0                             0x0800210c   Number         4  main.o(.text.main)
    __arm_cp.0_1                             0x08002110   Number         4  main.o(.text.main)
    __arm_cp.0_2                             0x08002114   Number         4  main.o(.text.main)
    __arm_cp.0_3                             0x08002118   Number         4  main.o(.text.main)
    __arm_cp.0_4                             0x0800211c   Number         4  main.o(.text.main)
    __arm_cp.0_5                             0x08002120   Number         4  main.o(.text.main)
    __arm_cp.0_6                             0x08002124   Number         4  main.o(.text.main)
    __arm_cp.0_7                             0x08002128   Number         4  main.o(.text.main)
    __arm_cp.0_8                             0x0800212c   Number         4  main.o(.text.main)
    __arm_cp.0_9                             0x08002130   Number         4  main.o(.text.main)
    __arm_cp.0_10                            0x08002134   Number         4  main.o(.text.main)
    __arm_cp.0_11                            0x08002138   Number         4  main.o(.text.main)
    [Anonymous Symbol]                       0x0800213c   Section        0  main_8.o(.text.main_8)
    __arm_cp.0_0                             0x08002450   Number         4  main_8.o(.text.main_8)
    __arm_cp.0_1                             0x08002454   Number         4  main_8.o(.text.main_8)
    __arm_cp.0_2                             0x08002458   Number         4  main_8.o(.text.main_8)
    __arm_cp.0_3                             0x0800245c   Number         4  main_8.o(.text.main_8)
    __arm_cp.0_4                             0x08002460   Number         4  main_8.o(.text.main_8)
    __arm_cp.0_12                            0x080024a4   Number         4  main_8.o(.text.main_8)
    __arm_cp.0_13                            0x080024a8   Number         4  main_8.o(.text.main_8)
    [Anonymous Symbol]                       0x080024b8   Section        0  wrap.o(.text.wfi)
    [Anonymous Symbol]                       0x080025fe   Section        0  main_8.o(.rodata.str1.1)
    .L.str.6                                 0x080025fe   Data          19  main_8.o(.rodata.str1.1)
    [Anonymous Symbol]                       0x20000000   Section        0  stm32c0xx_hal.o(.data..L_MergedGlobals)
    [Anonymous Symbol]                       0x2000000c   Section        0  sounder.o(.data..L_MergedGlobals)
    .bss                                     0x20000020   Section       96  libspace.o(.bss)
    [Anonymous Symbol]                       0x20000080   Section        0  main.o(.bss..L_MergedGlobals)
    [Anonymous Symbol]                       0x200000d0   Section        0  registers.o(.bss..L_MergedGlobals)
    [Anonymous Symbol]                       0x20000118   Section        0  stm8_interrupt_vector.o(.bss..L_MergedGlobals)
    [Anonymous Symbol]                       0x20000130   Section        0  main.o(.bss..L_MergedGlobals.1)
    [Anonymous Symbol]                       0x20000180   Section        0  main.o(.bss..L_MergedGlobals.2)
    HEAP                                     0x20000218   Section      512  startup_stm32c031xx.o(HEAP)
    Heap_Mem                                 0x20000218   Data         512  startup_stm32c031xx.o(HEAP)
    STACK                                    0x20000418   Section     1024  startup_stm32c031xx.o(STACK)
    Stack_Mem                                0x20000418   Data        1024  startup_stm32c031xx.o(STACK)
    __initial_sp                             0x20000818   Data           0  startup_stm32c031xx.o(STACK)

    Global Symbols

    Symbol Name                              Value     Ov Type        Size  Object(Section)

    BuildAttributes$$THM_ISAv3M$S$PE$A:L22$X:L11$S22$IEEE1$IW$~IW$USESV6$~STKCKD$USESV7$~SHL$OSPACE$ROPI$EBA8$UX$STANDARDLIB$REQ8$PRES8$EABIv2 0x00000000   Number         0  anon$$obj.o ABSOLUTE
    __ARM_exceptions_init                     - Undefined Weak Reference
    __alloca_initialize                       - Undefined Weak Reference
    __arm_preinit_                            - Undefined Weak Reference
    __cpp_initialize__aeabi_                  - Undefined Weak Reference
    __cxa_finalize                            - Undefined Weak Reference
    __rt_locale                               - Undefined Weak Reference
    __sigvec_lookup                           - Undefined Weak Reference
    _atexit_init                              - Undefined Weak Reference
    _call_atexit_fns                          - Undefined Weak Reference
    _clock_init                               - Undefined Weak Reference
    _fp_trap_init                             - Undefined Weak Reference
    _fp_trap_shutdown                         - Undefined Weak Reference
    _get_lc_collate                           - Undefined Weak Reference
    _get_lc_ctype                             - Undefined Weak Reference
    _get_lc_monetary                          - Undefined Weak Reference
    _get_lc_numeric                           - Undefined Weak Reference
    _get_lc_time                              - Undefined Weak Reference
    _getenv_init                              - Undefined Weak Reference
    _handle_redirection                       - Undefined Weak Reference
    _init_alloc                               - Undefined Weak Reference
    _init_user_alloc                          - Undefined Weak Reference
    _initio                                   - Undefined Weak Reference
    _rand_init                                - Undefined Weak Reference
    _signal_finish                            - Undefined Weak Reference
    _signal_init                              - Undefined Weak Reference
    _terminate_alloc                          - Undefined Weak Reference
    _terminate_user_alloc                     - Undefined Weak Reference
    _terminateio                              - Undefined Weak Reference
    __Vectors_Size                           0x000000c0   Number         0  startup_stm32c031xx.o ABSOLUTE
    __Vectors                                0x08000000   Data           4  startup_stm32c031xx.o(RESET)
    __Vectors_End                            0x080000c0   Data           0  startup_stm32c031xx.o(RESET)
    __main                                   0x080000c1   Thumb Code     8  __main.o(!!!main)
    __scatterload                            0x080000c9   Thumb Code     0  __scatter.o(!!!scatter)
    __scatterload_rt2                        0x080000c9   Thumb Code    52  __scatter.o(!!!scatter)
    __scatterload_rt2_thumb_only             0x080000c9   Thumb Code     0  __scatter.o(!!!scatter)
    __scatterload_null                       0x080000d9   Thumb Code     0  __scatter.o(!!!scatter)
    __scatterload_copy                       0x08000105   Thumb Code    26  __scatter_copy.o(!!handler_copy)
    __scatterload_zeroinit                   0x08000121   Thumb Code    28  __scatter_zi.o(!!handler_zi)
    __rt_lib_init                            0x0800013d   Thumb Code     0  libinit.o(.ARM.Collect$$libinit$$00000000)
    __rt_lib_init_alloca_1                   0x0800013f   Thumb Code     0  libinit2.o(.ARM.Collect$$libinit$$0000002E)
    __rt_lib_init_argv_1                     0x0800013f   Thumb Code     0  libinit2.o(.ARM.Collect$$libinit$$0000002C)
    __rt_lib_init_atexit_1                   0x0800013f   Thumb Code     0  libinit2.o(.ARM.Collect$$libinit$$0000001B)
    __rt_lib_init_clock_1                    0x0800013f   Thumb Code     0  libinit2.o(.ARM.Collect$$libinit$$00000021)
    __rt_lib_init_cpp_1                      0x0800013f   Thumb Code     0  libinit2.o(.ARM.Collect$$libinit$$00000032)
    __rt_lib_init_exceptions_1               0x0800013f   Thumb Code     0  libinit2.o(.ARM.Collect$$libinit$$00000030)
    __rt_lib_init_fp_1                       0x0800013f   Thumb Code     0  libinit2.o(.ARM.Collect$$libinit$$00000002)
    __rt_lib_init_fp_trap_1                  0x0800013f   Thumb Code     0  libinit2.o(.ARM.Collect$$libinit$$0000001F)
    __rt_lib_init_getenv_1                   0x0800013f   Thumb Code     0  libinit2.o(.ARM.Collect$$libinit$$00000023)
    __rt_lib_init_heap_1                     0x0800013f   Thumb Code     0  libinit2.o(.ARM.Collect$$libinit$$0000000A)
    __rt_lib_init_lc_collate_1               0x0800013f   Thumb Code     0  libinit2.o(.ARM.Collect$$libinit$$00000011)
    __rt_lib_init_lc_ctype_1                 0x0800013f   Thumb Code     0  libinit2.o(.ARM.Collect$$libinit$$00000013)
    __rt_lib_init_lc_monetary_1              0x0800013f   Thumb Code     0  libinit2.o(.ARM.Collect$$libinit$$00000015)
    __rt_lib_init_lc_numeric_1               0x0800013f   Thumb Code     0  libinit2.o(.ARM.Collect$$libinit$$00000017)
    __rt_lib_init_lc_time_1                  0x0800013f   Thumb Code     0  libinit2.o(.ARM.Collect$$libinit$$00000019)
    __rt_lib_init_preinit_1                  0x0800013f   Thumb Code     0  libinit2.o(.ARM.Collect$$libinit$$00000004)
    __rt_lib_init_rand_1                     0x0800013f   Thumb Code     0  libinit2.o(.ARM.Collect$$libinit$$0000000E)
    __rt_lib_init_return                     0x0800013f   Thumb Code     0  libinit2.o(.ARM.Collect$$libinit$$00000033)
    __rt_lib_init_signal_1                   0x0800013f   Thumb Code     0  libinit2.o(.ARM.Collect$$libinit$$0000001D)
    __rt_lib_init_stdio_1                    0x0800013f   Thumb Code     0  libinit2.o(.ARM.Collect$$libinit$$00000025)
    __rt_lib_init_user_alloc_1               0x0800013f   Thumb Code     0  libinit2.o(.ARM.Collect$$libinit$$0000000C)
    __rt_lib_shutdown                        0x08000141   Thumb Code     0  libshutdown.o(.ARM.Collect$$libshutdown$$00000000)
    __rt_lib_shutdown_cpp_1                  0x08000143   Thumb Code     0  libshutdown2.o(.ARM.Collect$$libshutdown$$00000002)
    __rt_lib_shutdown_fp_trap_1              0x08000143   Thumb Code     0  libshutdown2.o(.ARM.Collect$$libshutdown$$00000007)
    __rt_lib_shutdown_heap_1                 0x08000143   Thumb Code     0  libshutdown2.o(.ARM.Collect$$libshutdown$$0000000F)
    __rt_lib_shutdown_return                 0x08000143   Thumb Code     0  libshutdown2.o(.ARM.Collect$$libshutdown$$00000010)
    __rt_lib_shutdown_signal_1               0x08000143   Thumb Code     0  libshutdown2.o(.ARM.Collect$$libshutdown$$0000000A)
    __rt_lib_shutdown_stdio_1                0x08000143   Thumb Code     0  libshutdown2.o(.ARM.Collect$$libshutdown$$00000004)
    __rt_lib_shutdown_user_alloc_1           0x08000143   Thumb Code     0  libshutdown2.o(.ARM.Collect$$libshutdown$$0000000C)
    __rt_entry                               0x08000145   Thumb Code     0  __rtentry.o(.ARM.Collect$$rtentry$$00000000)
    __rt_entry_presh_1                       0x08000145   Thumb Code     0  __rtentry2.o(.ARM.Collect$$rtentry$$00000002)
    __rt_entry_sh                            0x08000145   Thumb Code     0  __rtentry4.o(.ARM.Collect$$rtentry$$00000004)
    __rt_entry_li                            0x0800014b   Thumb Code     0  __rtentry2.o(.ARM.Collect$$rtentry$$0000000A)
    __rt_entry_postsh_1                      0x0800014b   Thumb Code     0  __rtentry2.o(.ARM.Collect$$rtentry$$00000009)
    __rt_entry_main                          0x0800014f   Thumb Code     0  __rtentry2.o(.ARM.Collect$$rtentry$$0000000D)
    __rt_entry_postli_1                      0x0800014f   Thumb Code     0  __rtentry2.o(.ARM.Collect$$rtentry$$0000000C)
    __rt_exit                                0x08000157   Thumb Code     0  rtexit.o(.ARM.Collect$$rtexit$$00000000)
    __rt_exit_ls                             0x08000159   Thumb Code     0  rtexit2.o(.ARM.Collect$$rtexit$$00000003)
    __rt_exit_prels_1                        0x08000159   Thumb Code     0  rtexit2.o(.ARM.Collect$$rtexit$$00000002)
    __rt_exit_exit                           0x0800015d   Thumb Code     0  rtexit2.o(.ARM.Collect$$rtexit$$00000004)
    Reset_Handler                            0x08000165   Thumb Code     8  startup_stm32c031xx.o(.text)
    ADC1_IRQHandler                          0x08000177   Thumb Code     0  startup_stm32c031xx.o(.text)
    DMA1_Channel1_IRQHandler                 0x08000177   Thumb Code     0  startup_stm32c031xx.o(.text)
    DMA1_Channel2_3_IRQHandler               0x08000177   Thumb Code     0  startup_stm32c031xx.o(.text)
    DMAMUX1_IRQHandler                       0x08000177   Thumb Code     0  startup_stm32c031xx.o(.text)
    EXTI0_1_IRQHandler                       0x08000177   Thumb Code     0  startup_stm32c031xx.o(.text)
    EXTI2_3_IRQHandler                       0x08000177   Thumb Code     0  startup_stm32c031xx.o(.text)
    EXTI4_15_IRQHandler                      0x08000177   Thumb Code     0  startup_stm32c031xx.o(.text)
    FLASH_IRQHandler                         0x08000177   Thumb Code     0  startup_stm32c031xx.o(.text)
    I2C1_IRQHandler                          0x08000177   Thumb Code     0  startup_stm32c031xx.o(.text)
    RCC_IRQHandler                           0x08000177   Thumb Code     0  startup_stm32c031xx.o(.text)
    RTC_IRQHandler                           0x08000177   Thumb Code     0  startup_stm32c031xx.o(.text)
    SPI1_IRQHandler                          0x08000177   Thumb Code     0  startup_stm32c031xx.o(.text)
    TIM14_IRQHandler                         0x08000177   Thumb Code     0  startup_stm32c031xx.o(.text)
    TIM16_IRQHandler                         0x08000177   Thumb Code     0  startup_stm32c031xx.o(.text)
    TIM17_IRQHandler                         0x08000177   Thumb Code     0  startup_stm32c031xx.o(.text)
    TIM1_BRK_UP_TRG_COM_IRQHandler           0x08000177   Thumb Code     0  startup_stm32c031xx.o(.text)
    TIM1_CC_IRQHandler                       0x08000177   Thumb Code     0  startup_stm32c031xx.o(.text)
    TIM3_IRQHandler                          0x08000177   Thumb Code     0  startup_stm32c031xx.o(.text)
    USART1_IRQHandler                        0x08000177   Thumb Code     0  startup_stm32c031xx.o(.text)
    USART2_IRQHandler                        0x08000177   Thumb Code     0  startup_stm32c031xx.o(.text)
    WWDG_IRQHandler                          0x08000177   Thumb Code     0  startup_stm32c031xx.o(.text)
    __user_initial_stackheap                 0x08000179   Thumb Code     0  startup_stm32c031xx.o(.text)
    strcpy                                   0x0800019d   Thumb Code    70  strcpy.o(.text)
    strlen                                   0x080001e9   Thumb Code    62  strlen.o(.text)
    _memset_w                                0x0800022d   Thumb Code    26  rt_memclr.o(.text)
    _memset                                  0x08000247   Thumb Code    30  rt_memclr.o(.text)
    __aeabi_memclr                           0x08000265   Thumb Code     4  rt_memclr.o(.text)
    __rt_memclr                              0x08000265   Thumb Code     0  rt_memclr.o(.text)
    __aeabi_memclr4                          0x08000269   Thumb Code     0  rt_memclr.o(.text)
    __aeabi_memclr8                          0x08000269   Thumb Code     0  rt_memclr.o(.text)
    __rt_memclr_w                            0x08000269   Thumb Code     4  rt_memclr.o(.text)
    __aeabi_uidiv                            0x0800026d   Thumb Code     0  aeabi_sdiv.o(.text)
    __aeabi_uidivmod                         0x0800026d   Thumb Code    20  aeabi_sdiv.o(.text)
    __aeabi_idiv                             0x08000281   Thumb Code     0  aeabi_sdiv.o(.text)
    __aeabi_idivmod                          0x08000281   Thumb Code   326  aeabi_sdiv.o(.text)
    __use_two_region_memory                  0x080003c7   Thumb Code     2  heapauxi.o(.text)
    __rt_heap_escrow$2region                 0x080003c9   Thumb Code     2  heapauxi.o(.text)
    __rt_heap_expand$2region                 0x080003cb   Thumb Code     2  heapauxi.o(.text)
    __user_setup_stackheap                   0x080003cd   Thumb Code    62  sys_stackheap_outer.o(.text)
    exit                                     0x0800040b   Thumb Code    16  exit.o(.text)
    __user_libspace                          0x0800041d   Thumb Code     8  libspace.o(.text)
    __user_perproc_libspace                  0x0800041d   Thumb Code     0  libspace.o(.text)
    __user_perthread_libspace                0x0800041d   Thumb Code     0  libspace.o(.text)
    _sys_exit                                0x08000425   Thumb Code     8  sys_exit.o(.text)
    __I$use$semihosting                      0x08000431   Thumb Code     0  use_no_semi.o(.text)
    __use_no_semihosting_swi                 0x08000431   Thumb Code     2  use_no_semi.o(.text)
    __semihosting_library_function           0x08000433   Thumb Code     0  indicate_semi.o(.text)
    ADC_Activation                           0x08000435   Thumb Code    96  adc.o(.text.ADC_Activation)
    ADC_ChannelCmd                           0x08000495   Thumb Code     2  wrap.o(.text.ADC_ChannelCmd)
    ADC_Cmd                                  0x08000497   Thumb Code     2  wrap.o(.text.ADC_Cmd)
    ADC_Config                               0x08000499   Thumb Code    80  adc.o(.text.ADC_Config)
    ADC_ITConfig                             0x080004e9   Thumb Code     2  wrap.o(.text.ADC_ITConfig)
    ADC_Init                                 0x080004eb   Thumb Code     2  wrap.o(.text.ADC_Init)
    ADC_SamplingTimeConfig                   0x080004ed   Thumb Code     2  wrap.o(.text.ADC_SamplingTimeConfig)
    ADC_SoftwareStartConv                    0x080004ef   Thumb Code     2  wrap.o(.text.ADC_SoftwareStartConv)
    CLK_GetFlagStatus                        0x080004f1   Thumb Code     4  wrap.o(.text.CLK_GetFlagStatus)
    CLK_HSEConfig                            0x080004f5   Thumb Code     2  wrap.o(.text.CLK_HSEConfig)
    CLK_PeripheralClockConfig                0x080004f7   Thumb Code     2  wrap.o(.text.CLK_PeripheralClockConfig)
    CLK_SYSCLKDivConfig                      0x080004f9   Thumb Code     2  wrap.o(.text.CLK_SYSCLKDivConfig)
    Clock_Config                             0x080004fb   Thumb Code    52  clock.o(.text.Clock_Config)
    Error_Handler                            0x0800052f   Thumb Code     8  main.o(.text.Error_Handler)
    GPIO_Config                              0x08000537   Thumb Code     2  wrap.o(.text.GPIO_Config)
    HAL_ADC_ConfigChannel                    0x08000539   Thumb Code   656  stm32c0xx_hal_adc.o(.text.HAL_ADC_ConfigChannel)
    HAL_ADC_Init                             0x080007c9   Thumb Code   628  stm32c0xx_hal_adc.o(.text.HAL_ADC_Init)
    HAL_ADC_MspInit                          0x08000a3d   Thumb Code   120  stm32c0xx_hal_msp.o(.text.HAL_ADC_MspInit)
    HAL_GPIO_Init                            0x08000ab5   Thumb Code   440  stm32c0xx_hal_gpio.o(.text.HAL_GPIO_Init)
    HAL_GPIO_WritePin                        0x08000c6d   Thumb Code    16  stm32c0xx_hal_gpio.o(.text.HAL_GPIO_WritePin)
    HAL_GetTick                              0x08000c7d   Thumb Code    12  stm32c0xx_hal.o(.text.HAL_GetTick)
    HAL_IncTick                              0x08000c85   Thumb Code    16  stm32c0xx_hal.o(.text.HAL_IncTick)
    HAL_Init                                 0x08000c91   Thumb Code    26  stm32c0xx_hal.o(.text.HAL_Init)
    HAL_InitTick                             0x08000cad   Thumb Code    72  stm32c0xx_hal.o(.text.HAL_InitTick)
    HAL_MspInit                              0x08000cf1   Thumb Code    44  stm32c0xx_hal_msp.o(.text.HAL_MspInit)
    HAL_NVIC_SetPriority                     0x08000d19   Thumb Code     8  stm32c0xx_hal_cortex.o(.text.HAL_NVIC_SetPriority)
    HAL_RCCEx_PeriphCLKConfig                0x08000d21   Thumb Code   264  stm32c0xx_hal_rcc_ex.o(.text.HAL_RCCEx_PeriphCLKConfig)
    HAL_RCC_ClockConfig                      0x08000e25   Thumb Code   396  stm32c0xx_hal_rcc.o(.text.HAL_RCC_ClockConfig)
    HAL_RCC_GetSysClockFreq                  0x08000fa9   Thumb Code    80  stm32c0xx_hal_rcc.o(.text.HAL_RCC_GetSysClockFreq)
    HAL_RCC_OscConfig                        0x08000ff5   Thumb Code   668  stm32c0xx_hal_rcc.o(.text.HAL_RCC_OscConfig)
    HAL_SYSTICK_Config                       0x08001291   Thumb Code    52  stm32c0xx_hal_cortex.o(.text.HAL_SYSTICK_Config)
    HAL_TIMEx_ConfigBreakDeadTime            0x080012c5   Thumb Code   172  stm32c0xx_hal_tim_ex.o(.text.HAL_TIMEx_ConfigBreakDeadTime)
    HAL_TIMEx_MasterConfigSynchronization    0x0800136d   Thumb Code   104  stm32c0xx_hal_tim_ex.o(.text.HAL_TIMEx_MasterConfigSynchronization)
    HAL_TIM_Base_Init                        0x080013cd   Thumb Code    98  stm32c0xx_hal_tim.o(.text.HAL_TIM_Base_Init)
    HAL_TIM_Base_MspInit                     0x08001431   Thumb Code    72  stm32c0xx_hal_msp.o(.text.HAL_TIM_Base_MspInit)
    HAL_TIM_ConfigClockSource                0x08001479   Thumb Code   264  stm32c0xx_hal_tim.o(.text.HAL_TIM_ConfigClockSource)
    HAL_TIM_OC_ConfigChannel                 0x08001581   Thumb Code    98  stm32c0xx_hal_tim.o(.text.HAL_TIM_OC_ConfigChannel)
    HAL_TIM_OC_Init                          0x080015e3   Thumb Code    98  stm32c0xx_hal_tim.o(.text.HAL_TIM_OC_Init)
    HAL_TIM_OC_MspInit                       0x08001645   Thumb Code     2  stm32c0xx_hal_tim.o(.text.HAL_TIM_OC_MspInit)
    HardFault_Handler                        0x08001647   Thumb Code     2  stm32c0xx_it.o(.text.HardFault_Handler)
    I2C_Config                               0x08001649   Thumb Code     2  wrap.o(.text.I2C_Config)
    LED_Activation                           0x0800164b   Thumb Code     2  wrap.o(.text.LED_Activation)
    LED_SetFlashRate                         0x0800164d   Thumb Code     2  wrap.o(.text.LED_SetFlashRate)
    NMI_Handler                              0x0800164f   Thumb Code     2  stm32c0xx_it.o(.text.NMI_Handler)
    PendSV_Handler                           0x08001651   Thumb Code     2  stm32c0xx_it.o(.text.PendSV_Handler)
    Regs_Config                              0x08001655   Thumb Code   272  registers.o(.text.Regs_Config)
    Regs_GetRegisterValueByIndex             0x08001761   Thumb Code    32  registers.o(.text.Regs_GetRegisterValueByIndex)
    SVC_Handler                              0x08001781   Thumb Code     2  stm32c0xx_it.o(.text.SVC_Handler)
    SYSCFG_REMAPPinConfig                    0x08001783   Thumb Code     2  wrap.o(.text.SYSCFG_REMAPPinConfig)
    Sounder_Activation                       0x08001785   Thumb Code   128  sounder.o(.text.Sounder_Activation)
    Sounder_ChangeTone                       0x08001805   Thumb Code   112  sounder.o(.text.Sounder_ChangeTone)
    SysTick_Handler                          0x08001875   Thumb Code     8  stm32c0xx_it.o(.text.SysTick_Handler)
    SystemClock_Config                       0x0800187d   Thumb Code    94  main.o(.text.SystemClock_Config)
    SystemInit                               0x080018dd   Thumb Code    16  system_stm32c0xx.o(.text.SystemInit)
    TIM3_ARRPreloadConfig                    0x080018ed   Thumb Code     2  wrap.o(.text.TIM3_ARRPreloadConfig)
    TIM3_Cmd                                 0x080018ef   Thumb Code     2  wrap.o(.text.TIM3_Cmd)
    TIM3_CtrlPWMOutputs                      0x080018f1   Thumb Code     2  wrap.o(.text.TIM3_CtrlPWMOutputs)
    TIM3_OC1Init                             0x080018f3   Thumb Code     2  wrap.o(.text.TIM3_OC1Init)
    TIM3_OC1PreloadConfig                    0x080018f5   Thumb Code     2  wrap.o(.text.TIM3_OC1PreloadConfig)
    TIM3_SelectOCxM                          0x080018f7   Thumb Code     2  wrap.o(.text.TIM3_SelectOCxM)
    TIM3_TimeBaseInit                        0x080018f9   Thumb Code    32  wrap.o(.text.TIM3_TimeBaseInit)
    TIM4_ClearFlag                           0x08001915   Thumb Code    16  wrap.o(.text.TIM4_ClearFlag)
    TIM4_Cmd                                 0x08001921   Thumb Code     2  wrap.o(.text.TIM4_Cmd)
    TIM4_ITConfig                            0x08001923   Thumb Code     2  wrap.o(.text.TIM4_ITConfig)
    TIM4_TimeBaseInit                        0x08001925   Thumb Code    36  wrap.o(.text.TIM4_TimeBaseInit)
    TIM_Base_SetConfig                       0x08001945   Thumb Code   152  stm32c0xx_hal_tim.o(.text.TIM_Base_SetConfig)
    TIM_OC2_SetConfig                        0x08001a31   Thumb Code   116  stm32c0xx_hal_tim.o(.text.TIM_OC2_SetConfig)
    Timers_Config                            0x08001c5d   Thumb Code    44  timers.o(.text.Timers_Config)
    Timers_ConfigWave                        0x08001c89   Thumb Code    60  timers.o(.text.Timers_ConfigWave)
    USART_Config                             0x08001cc5   Thumb Code    76  usart.o(.text.USART_Config)
    USART_ReceivePacket                      0x08001d0d   Thumb Code    76  usart.o(.text.USART_ReceivePacket)
    USART_SendString                         0x08001d59   Thumb Code    52  usart.o(.text.USART_SendString)
    USART_SendValue                          0x08001d8d   Thumb Code   168  usart.o(.text.USART_SendValue)
    enableInterrupts                         0x08001e75   Thumb Code     2  wrap.o(.text.enableInterrupts)
    main                                     0x08001e79   Thumb Code   708  main.o(.text.main)
    main_8                                   0x0800213d   Thumb Code   892  main_8.o(.text.main_8)
    wfi                                      0x080024b9   Thumb Code     4  wrap.o(.text.wfi)
    AHBPrescTable                            0x080024bc   Data          64  system_stm32c0xx.o(.rodata.AHBPrescTable)
    menu                                     0x080024fc   Data         258  main_8.o(.rodata.menu)
    tone_list                                0x08002612   Data         576  sounder.o(.rodata.tone_list)
    Region$$Table$$Base                      0x08002854   Number         0  anon$$obj.o(Region$$Table)
    Region$$Table$$Limit                     0x08002874   Number         0  anon$$obj.o(Region$$Table)
    uwTickPrio                               0x20000000   Data           4  stm32c0xx_hal.o(.data..L_MergedGlobals)
    uwTickFreq                               0x20000004   Data           4  stm32c0xx_hal.o(.data..L_MergedGlobals)
    uwTick                                   0x20000008   Data           4  stm32c0xx_hal.o(.data..L_MergedGlobals)
    tone_index                               0x2000000c   Data           1  sounder.o(.data..L_MergedGlobals)
    repetitions                              0x2000000d   Data           1  sounder.o(.data..L_MergedGlobals)
    silencecount                             0x2000000e   Data           2  sounder.o(.data..L_MergedGlobals)
    tone_ptr                                 0x20000010   Data           4  sounder.o(.data..L_MergedGlobals)
    mscount                                  0x20000014   Data           4  sounder.o(.data..L_MergedGlobals)
    SystemCoreClock                          0x20000018   Data           4  system_stm32c0xx.o(.data.SystemCoreClock)
    __libspace_start                         0x20000020   Data          96  libspace.o(.bss)
    __temporary_stack_top$libspace           0x20000080   Data           0  libspace.o(.bss)
    htim1                                    0x20000080   Data          76  main.o(.bss..L_MergedGlobals)
    registerUpdated                          0x200000d0   Data           1  registers.o(.bss..L_MergedGlobals)
    registerChanged                          0x200000d1   Data          23  registers.o(.bss..L_MergedGlobals)
    sviRegister                              0x200000e8   Data          46  registers.o(.bss..L_MergedGlobals)
    silence                                  0x20000118   Data           1  stm8_interrupt_vector.o(.bss..L_MergedGlobals)
    txCounter                                0x20000119   Data           1  stm8_interrupt_vector.o(.bss..L_MergedGlobals)
    txSize                                   0x2000011a   Data           1  stm8_interrupt_vector.o(.bss..L_MergedGlobals)
    led_on                                   0x2000011b   Data           1  stm8_interrupt_vector.o(.bss..L_MergedGlobals)
    pulseLen                                 0x2000011c   Data           1  stm8_interrupt_vector.o(.bss..L_MergedGlobals)
    NumADCSamples                            0x2000011e   Data           2  stm8_interrupt_vector.o(.bss..L_MergedGlobals)
    loudestADCSample                         0x20000120   Data           2  stm8_interrupt_vector.o(.bss..L_MergedGlobals)
    LEDCounter                               0x20000122   Data           2  stm8_interrupt_vector.o(.bss..L_MergedGlobals)
    htim3                                    0x20000130   Data          76  main.o(.bss..L_MergedGlobals.1)
    hadc1                                    0x20000180   Data         100  main.o(.bss..L_MergedGlobals.2)
    mic                                      0x200001e4   Data           1  main_8.o(.bss.mic)
    nosound_count                            0x200001e5   Data           1  main_8.o(.bss.nosound_count)
    recvPacket                               0x200001e6   Data           1  stm8_interrupt_vector.o(.bss.recvPacket)
    reply                                    0x200001e8   Data          20  main_8.o(.bss.reply)
    rxSize                                   0x200001fc   Data           1  stm8_interrupt_vector.o(.bss.rxSize)
    sound_on                                 0x200001fd   Data           1  main_8.o(.bss.sound_on)
    txBuffer                                 0x20000200   Data           4  stm8_interrupt_vector.o(.bss.txBuffer)
    uartRxBuffer                             0x20000204   Data          20  stm8_interrupt_vector.o(.bss.uartRxBuffer)



==============================================================================

Memory Map of the image

  Image Entry point : 0x080000c1

  Load Region LR_IROM1 (Base: 0x08000000, Size: 0x000028a0, Max: 0x00004000, ABSOLUTE)

    Execution Region ER_IROM1 (Exec base: 0x08000000, Load base: 0x08000000, Size: 0x00002874, Max: 0x00004000, ABSOLUTE)

    Exec Addr    Load Addr    Size         Type   Attr      Idx    E Section Name        Object

    0x08000000   0x08000000   0x000000c0   Data   RO            3    RESET               startup_stm32c031xx.o
    0x080000c0   0x080000c0   0x00000008   Code   RO         1358  * !!!main             c_p.l(__main.o)
    0x080000c8   0x080000c8   0x0000003c   Code   RO         1533    !!!scatter          c_p.l(__scatter.o)
    0x08000104   0x08000104   0x0000001a   Code   RO         1535    !!handler_copy      c_p.l(__scatter_copy.o)
    0x0800011e   0x0800011e   0x00000002   PAD
    0x08000120   0x08000120   0x0000001c   Code   RO         1537    !!handler_zi        c_p.l(__scatter_zi.o)
    0x0800013c   0x0800013c   0x00000002   Code   RO         1396    .ARM.Collect$$libinit$$00000000  c_p.l(libinit.o)
    0x0800013e   0x0800013e   0x00000000   Code   RO         1410    .ARM.Collect$$libinit$$00000002  c_p.l(libinit2.o)
    0x0800013e   0x0800013e   0x00000000   Code   RO         1412    .ARM.Collect$$libinit$$00000004  c_p.l(libinit2.o)
    0x0800013e   0x0800013e   0x00000000   Code   RO         1415    .ARM.Collect$$libinit$$0000000A  c_p.l(libinit2.o)
    0x0800013e   0x0800013e   0x00000000   Code   RO         1417    .ARM.Collect$$libinit$$0000000C  c_p.l(libinit2.o)
    0x0800013e   0x0800013e   0x00000000   Code   RO         1419    .ARM.Collect$$libinit$$0000000E  c_p.l(libinit2.o)
    0x0800013e   0x0800013e   0x00000000   Code   RO         1422    .ARM.Collect$$libinit$$00000011  c_p.l(libinit2.o)
    0x0800013e   0x0800013e   0x00000000   Code   RO         1424    .ARM.Collect$$libinit$$00000013  c_p.l(libinit2.o)
    0x0800013e   0x0800013e   0x00000000   Code   RO         1426    .ARM.Collect$$libinit$$00000015  c_p.l(libinit2.o)
    0x0800013e   0x0800013e   0x00000000   Code   RO         1428    .ARM.Collect$$libinit$$00000017  c_p.l(libinit2.o)
    0x0800013e   0x0800013e   0x00000000   Code   RO         1430    .ARM.Collect$$libinit$$00000019  c_p.l(libinit2.o)
    0x0800013e   0x0800013e   0x00000000   Code   RO         1432    .ARM.Collect$$libinit$$0000001B  c_p.l(libinit2.o)
    0x0800013e   0x0800013e   0x00000000   Code   RO         1434    .ARM.Collect$$libinit$$0000001D  c_p.l(libinit2.o)
    0x0800013e   0x0800013e   0x00000000   Code   RO         1436    .ARM.Collect$$libinit$$0000001F  c_p.l(libinit2.o)
    0x0800013e   0x0800013e   0x00000000   Code   RO         1438    .ARM.Collect$$libinit$$00000021  c_p.l(libinit2.o)
    0x0800013e   0x0800013e   0x00000000   Code   RO         1440    .ARM.Collect$$libinit$$00000023  c_p.l(libinit2.o)
    0x0800013e   0x0800013e   0x00000000   Code   RO         1442    .ARM.Collect$$libinit$$00000025  c_p.l(libinit2.o)
    0x0800013e   0x0800013e   0x00000000   Code   RO         1446    .ARM.Collect$$libinit$$0000002C  c_p.l(libinit2.o)
    0x0800013e   0x0800013e   0x00000000   Code   RO         1448    .ARM.Collect$$libinit$$0000002E  c_p.l(libinit2.o)
    0x0800013e   0x0800013e   0x00000000   Code   RO         1450    .ARM.Collect$$libinit$$00000030  c_p.l(libinit2.o)
    0x0800013e   0x0800013e   0x00000000   Code   RO         1452    .ARM.Collect$$libinit$$00000032  c_p.l(libinit2.o)
    0x0800013e   0x0800013e   0x00000002   Code   RO         1453    .ARM.Collect$$libinit$$00000033  c_p.l(libinit2.o)
    0x08000140   0x08000140   0x00000002   Code   RO         1488    .ARM.Collect$$libshutdown$$00000000  c_p.l(libshutdown.o)
    0x08000142   0x08000142   0x00000000   Code   RO         1516    .ARM.Collect$$libshutdown$$00000002  c_p.l(libshutdown2.o)
    0x08000142   0x08000142   0x00000000   Code   RO         1518    .ARM.Collect$$libshutdown$$00000004  c_p.l(libshutdown2.o)
    0x08000142   0x08000142   0x00000000   Code   RO         1521    .ARM.Collect$$libshutdown$$00000007  c_p.l(libshutdown2.o)
    0x08000142   0x08000142   0x00000000   Code   RO         1524    .ARM.Collect$$libshutdown$$0000000A  c_p.l(libshutdown2.o)
    0x08000142   0x08000142   0x00000000   Code   RO         1526    .ARM.Collect$$libshutdown$$0000000C  c_p.l(libshutdown2.o)
    0x08000142   0x08000142   0x00000000   Code   RO         1529    .ARM.Collect$$libshutdown$$0000000F  c_p.l(libshutdown2.o)
    0x08000142   0x08000142   0x00000002   Code   RO         1530    .ARM.Collect$$libshutdown$$00000010  c_p.l(libshutdown2.o)
    0x08000144   0x08000144   0x00000000   Code   RO         1360    .ARM.Collect$$rtentry$$00000000  c_p.l(__rtentry.o)
    0x08000144   0x08000144   0x00000000   Code   RO         1366    .ARM.Collect$$rtentry$$00000002  c_p.l(__rtentry2.o)
    0x08000144   0x08000144   0x00000006   Code   RO         1378    .ARM.Collect$$rtentry$$00000004  c_p.l(__rtentry4.o)
    0x0800014a   0x0800014a   0x00000000   Code   RO         1368    .ARM.Collect$$rtentry$$00000009  c_p.l(__rtentry2.o)
    0x0800014a   0x0800014a   0x00000004   Code   RO         1369    .ARM.Collect$$rtentry$$0000000A  c_p.l(__rtentry2.o)
    0x0800014e   0x0800014e   0x00000000   Code   RO         1371    .ARM.Collect$$rtentry$$0000000C  c_p.l(__rtentry2.o)
    0x0800014e   0x0800014e   0x00000008   Code   RO         1372    .ARM.Collect$$rtentry$$0000000D  c_p.l(__rtentry2.o)
    0x08000156   0x08000156   0x00000002   Code   RO         1401    .ARM.Collect$$rtexit$$00000000  c_p.l(rtexit.o)
    0x08000158   0x08000158   0x00000000   Code   RO         1459    .ARM.Collect$$rtexit$$00000002  c_p.l(rtexit2.o)
    0x08000158   0x08000158   0x00000004   Code   RO         1460    .ARM.Collect$$rtexit$$00000003  c_p.l(rtexit2.o)
    0x0800015c   0x0800015c   0x00000006   Code   RO         1461    .ARM.Collect$$rtexit$$00000004  c_p.l(rtexit2.o)
    0x08000162   0x08000162   0x00000002   PAD
    0x08000164   0x08000164   0x00000038   Code   RO            4    .text               startup_stm32c031xx.o
    0x0800019c   0x0800019c   0x0000004c   Code   RO         1346    .text               c_p.l(strcpy.o)
    0x080001e8   0x080001e8   0x00000044   Code   RO         1348    .text               c_p.l(strlen.o)
    0x0800022c   0x0800022c   0x00000040   Code   RO         1350    .text               c_p.l(rt_memclr.o)
    0x0800026c   0x0800026c   0x0000015a   Code   RO         1352    .text               c_p.l(aeabi_sdiv.o)
    0x080003c6   0x080003c6   0x00000006   Code   RO         1356    .text               c_p.l(heapauxi.o)
    0x080003cc   0x080003cc   0x0000003e   Code   RO         1382    .text               c_p.l(sys_stackheap_outer.o)
    0x0800040a   0x0800040a   0x00000010   Code   RO         1385    .text               c_p.l(exit.o)
    0x0800041a   0x0800041a   0x00000002   PAD
    0x0800041c   0x0800041c   0x00000008   Code   RO         1397    .text               c_p.l(libspace.o)
    0x08000424   0x08000424   0x0000000c   Code   RO         1454    .text               c_p.l(sys_exit.o)
    0x08000430   0x08000430   0x00000002   Code   RO         1477    .text               c_p.l(use_no_semi.o)
    0x08000432   0x08000432   0x00000000   Code   RO         1479    .text               c_p.l(indicate_semi.o)
    0x08000432   0x08000432   0x00000002   PAD
    0x08000434   0x08000434   0x00000060   Code   RO         1077    .text.ADC_Activation  adc.o
    0x08000494   0x08000494   0x00000002   Code   RO         1010    .text.ADC_ChannelCmd  wrap.o
    0x08000496   0x08000496   0x00000002   Code   RO         1014    .text.ADC_Cmd       wrap.o
    0x08000498   0x08000498   0x00000050   Code   RO         1073    .text.ADC_Config    adc.o
    0x080004e8   0x080004e8   0x00000002   Code   RO         1016    .text.ADC_ITConfig  wrap.o
    0x080004ea   0x080004ea   0x00000002   Code   RO         1004    .text.ADC_Init      wrap.o
    0x080004ec   0x080004ec   0x00000002   Code   RO         1006    .text.ADC_SamplingTimeConfig  wrap.o
    0x080004ee   0x080004ee   0x00000002   Code   RO         1018    .text.ADC_SoftwareStartConv  wrap.o
    0x080004f0   0x080004f0   0x00000004   Code   RO         1058    .text.CLK_GetFlagStatus  wrap.o
    0x080004f4   0x080004f4   0x00000002   Code   RO         1056    .text.CLK_HSEConfig  wrap.o
    0x080004f6   0x080004f6   0x00000002   Code   RO         1054    .text.CLK_PeripheralClockConfig  wrap.o
    0x080004f8   0x080004f8   0x00000002   Code   RO         1060    .text.CLK_SYSCLKDivConfig  wrap.o
    0x080004fa   0x080004fa   0x00000034   Code   RO         1091    .text.Clock_Config  clock.o
    0x0800052e   0x0800052e   0x00000008   Code   RO           15    .text.Error_Handler  main.o
    0x08000536   0x08000536   0x00000002   Code   RO         1028    .text.GPIO_Config   wrap.o
    0x08000538   0x08000538   0x00000290   Code   RO          191    .text.HAL_ADC_ConfigChannel  stm32c0xx_hal_adc.o
    0x080007c8   0x080007c8   0x00000274   Code   RO          143    .text.HAL_ADC_Init  stm32c0xx_hal_adc.o
    0x08000a3c   0x08000a3c   0x00000078   Code   RO           54    .text.HAL_ADC_MspInit  stm32c0xx_hal_msp.o
    0x08000ab4   0x08000ab4   0x000001b8   Code   RO          436    .text.HAL_GPIO_Init  stm32c0xx_hal_gpio.o
    0x08000c6c   0x08000c6c   0x00000010   Code   RO          442    .text.HAL_GPIO_WritePin  stm32c0xx_hal_gpio.o
    0x08000c7c   0x08000c7c   0x00000008   Code   RO           85    .text.HAL_GetTick   stm32c0xx_hal.o
    0x08000c84   0x08000c84   0x0000000c   Code   RO           83    .text.HAL_IncTick   stm32c0xx_hal.o
    0x08000c90   0x08000c90   0x0000001a   Code   RO           73    .text.HAL_Init      stm32c0xx_hal.o
    0x08000caa   0x08000caa   0x00000002   PAD
    0x08000cac   0x08000cac   0x00000044   Code   RO           75    .text.HAL_InitTick  stm32c0xx_hal.o
    0x08000cf0   0x08000cf0   0x00000028   Code   RO           52    .text.HAL_MspInit   stm32c0xx_hal_msp.o
    0x08000d18   0x08000d18   0x00000008   Code   RO          533    .text.HAL_NVIC_SetPriority  stm32c0xx_hal_cortex.o
    0x08000d20   0x08000d20   0x00000104   Code   RO          342    .text.HAL_RCCEx_PeriphCLKConfig  stm32c0xx_hal_rcc_ex.o
    0x08000e24   0x08000e24   0x00000184   Code   RO          305    .text.HAL_RCC_ClockConfig  stm32c0xx_hal_rcc.o
    0x08000fa8   0x08000fa8   0x0000004c   Code   RO          307    .text.HAL_RCC_GetSysClockFreq  stm32c0xx_hal_rcc.o
    0x08000ff4   0x08000ff4   0x0000029c   Code   RO          303    .text.HAL_RCC_OscConfig  stm32c0xx_hal_rcc.o
    0x08001290   0x08001290   0x00000034   Code   RO          543    .text.HAL_SYSTICK_Config  stm32c0xx_hal_cortex.o
    0x080012c4   0x080012c4   0x000000a8   Code   RO          923    .text.HAL_TIMEx_ConfigBreakDeadTime  stm32c0xx_hal_tim_ex.o
    0x0800136c   0x0800136c   0x00000060   Code   RO          921    .text.HAL_TIMEx_MasterConfigSynchronization  stm32c0xx_hal_tim_ex.o
    0x080013cc   0x080013cc   0x00000062   Code   RO          605    .text.HAL_TIM_Base_Init  stm32c0xx_hal_tim.o
    0x0800142e   0x0800142e   0x00000002   PAD
    0x08001430   0x08001430   0x00000048   Code   RO           58    .text.HAL_TIM_Base_MspInit  stm32c0xx_hal_msp.o
    0x08001478   0x08001478   0x00000108   Code   RO          797    .text.HAL_TIM_ConfigClockSource  stm32c0xx_hal_tim.o
    0x08001580   0x08001580   0x00000062   Code   RO          751    .text.HAL_TIM_OC_ConfigChannel  stm32c0xx_hal_tim.o
    0x080015e2   0x080015e2   0x00000062   Code   RO          633    .text.HAL_TIM_OC_Init  stm32c0xx_hal_tim.o
    0x08001644   0x08001644   0x00000002   Code   RO          635    .text.HAL_TIM_OC_MspInit  stm32c0xx_hal_tim.o
    0x08001646   0x08001646   0x00000002   Code   RO           34    .text.HardFault_Handler  stm32c0xx_it.o
    0x08001648   0x08001648   0x00000002   Code   RO         1026    .text.I2C_Config    wrap.o
    0x0800164a   0x0800164a   0x00000002   Code   RO         1020    .text.LED_Activation  wrap.o
    0x0800164c   0x0800164c   0x00000002   Code   RO         1022    .text.LED_SetFlashRate  wrap.o
    0x0800164e   0x0800164e   0x00000002   Code   RO           32    .text.NMI_Handler   stm32c0xx_it.o
    0x08001650   0x08001650   0x00000002   Code   RO           38    .text.PendSV_Handler  stm32c0xx_it.o
    0x08001652   0x08001652   0x00000002   PAD
    0x08001654   0x08001654   0x0000010c   Code   RO         1174    .text.Regs_Config   registers.o
    0x08001760   0x08001760   0x00000020   Code   RO         1178    .text.Regs_GetRegisterValueByIndex  registers.o
    0x08001780   0x08001780   0x00000002   Code   RO           36    .text.SVC_Handler   stm32c0xx_it.o
    0x08001782   0x08001782   0x00000002   Code   RO         1050    .text.SYSCFG_REMAPPinConfig  wrap.o
    0x08001784   0x08001784   0x00000080   Code   RO         1194    .text.Sounder_Activation  sounder.o
    0x08001804   0x08001804   0x00000070   Code   RO         1196    .text.Sounder_ChangeTone  sounder.o
    0x08001874   0x08001874   0x00000008   Code   RO           40    .text.SysTick_Handler  stm32c0xx_it.o
    0x0800187c   0x0800187c   0x0000005e   Code   RO           13    .text.SystemClock_Config  main.o
    0x080018da   0x080018da   0x00000002   PAD
    0x080018dc   0x080018dc   0x00000010   Code   RO          960    .text.SystemInit    system_stm32c0xx.o
    0x080018ec   0x080018ec   0x00000002   Code   RO          994    .text.TIM3_ARRPreloadConfig  wrap.o
    0x080018ee   0x080018ee   0x00000002   Code   RO          988    .text.TIM3_Cmd      wrap.o
    0x080018f0   0x080018f0   0x00000002   Code   RO         1000    .text.TIM3_CtrlPWMOutputs  wrap.o
    0x080018f2   0x080018f2   0x00000002   Code   RO          998    .text.TIM3_OC1Init  wrap.o
    0x080018f4   0x080018f4   0x00000002   Code   RO          996    .text.TIM3_OC1PreloadConfig  wrap.o
    0x080018f6   0x080018f6   0x00000002   Code   RO          992    .text.TIM3_SelectOCxM  wrap.o
    0x080018f8   0x080018f8   0x0000001c   Code   RO          990    .text.TIM3_TimeBaseInit  wrap.o
    0x08001914   0x08001914   0x0000000c   Code   RO          982    .text.TIM4_ClearFlag  wrap.o
    0x08001920   0x08001920   0x00000002   Code   RO          986    .text.TIM4_Cmd      wrap.o
    0x08001922   0x08001922   0x00000002   Code   RO          984    .text.TIM4_ITConfig  wrap.o
    0x08001924   0x08001924   0x00000020   Code   RO          980    .text.TIM4_TimeBaseInit  wrap.o
    0x08001944   0x08001944   0x0000008c   Code   RO          609    .text.TIM_Base_SetConfig  stm32c0xx_hal_tim.o
    0x080019d0   0x080019d0   0x00000060   Code   RO          753    .text.TIM_OC1_SetConfig  stm32c0xx_hal_tim.o
    0x08001a30   0x08001a30   0x00000064   Code   RO          755    .text.TIM_OC2_SetConfig  stm32c0xx_hal_tim.o
    0x08001a94   0x08001a94   0x00000070   Code   RO          757    .text.TIM_OC3_SetConfig  stm32c0xx_hal_tim.o
    0x08001b04   0x08001b04   0x00000058   Code   RO          759    .text.TIM_OC4_SetConfig  stm32c0xx_hal_tim.o
    0x08001b5c   0x08001b5c   0x00000054   Code   RO          761    .text.TIM_OC5_SetConfig  stm32c0xx_hal_tim.o
    0x08001bb0   0x08001bb0   0x00000064   Code   RO          763    .text.TIM_OC6_SetConfig  stm32c0xx_hal_tim.o
    0x08001c14   0x08001c14   0x00000022   Code   RO          799    .text.TIM_TI1_ConfigInputStage  stm32c0xx_hal_tim.o
    0x08001c36   0x08001c36   0x00000026   Code   RO          801    .text.TIM_TI2_ConfigInputStage  stm32c0xx_hal_tim.o
    0x08001c5c   0x08001c5c   0x0000002c   Code   RO         1305    .text.Timers_Config  timers.o
    0x08001c88   0x08001c88   0x0000003c   Code   RO         1307    .text.Timers_ConfigWave  timers.o
    0x08001cc4   0x08001cc4   0x00000048   Code   RO         1278    .text.USART_Config  usart.o
    0x08001d0c   0x08001d0c   0x0000004c   Code   RO         1282    .text.USART_ReceivePacket  usart.o
    0x08001d58   0x08001d58   0x00000034   Code   RO         1290    .text.USART_SendString  usart.o
    0x08001d8c   0x08001d8c   0x000000a8   Code   RO         1292    .text.USART_SendValue  usart.o
    0x08001e34   0x08001e34   0x00000040   Code   RO          535    .text.__NVIC_SetPriority  stm32c0xx_hal_cortex.o
    0x08001e74   0x08001e74   0x00000002   Code   RO         1052    .text.enableInterrupts  wrap.o
    0x08001e76   0x08001e76   0x00000002   PAD
    0x08001e78   0x08001e78   0x000002c4   Code   RO           11    .text.main          main.o
    0x0800213c   0x0800213c   0x0000037c   Code   RO         1320    .text.main_8        main_8.o
    0x080024b8   0x080024b8   0x00000004   Code   RO         1048    .text.wfi           wrap.o
    0x080024bc   0x080024bc   0x00000040   Data   RO          965    .rodata.AHBPrescTable  system_stm32c0xx.o
    0x080024fc   0x080024fc   0x00000102   Data   RO         1330    .rodata.menu        main_8.o
    0x080025fe   0x080025fe   0x00000013   Data   RO         1333    .rodata.str1.1      main_8.o
    0x08002611   0x08002611   0x00000001   PAD
    0x08002612   0x08002612   0x00000240   Data   RO         1199    .rodata.tone_list   sounder.o
    0x08002852   0x08002852   0x00000002   PAD
    0x08002854   0x08002854   0x00000020   Data   RO         1531    Region$$Table       anon$$obj.o


    Execution Region RW_IRAM1 (Exec base: 0x20000000, Load base: 0x08002880, Size: 0x00000818, Max: 0x00003000, ABSOLUTE)

    Exec Addr    Load Addr    Size         Type   Attr      Idx    E Section Name        Object

    0x20000000   0x08002880   0x0000000c   Data   RW          131    .data..L_MergedGlobals  stm32c0xx_hal.o
    0x2000000c   0x0800288c   0x0000000c   Data   RW         1200    .data..L_MergedGlobals  sounder.o
    0x20000018   0x08002898   0x00000004   Data   RW          964    .data.SystemCoreClock  system_stm32c0xx.o
    0x2000001c   0x0800289c   0x00000004   PAD
    0x20000020        -       0x00000060   Zero   RW         1398    .bss                c_p.l(libspace.o)
    0x20000080        -       0x0000004c   Zero   RW           18    .bss..L_MergedGlobals  main.o
    0x200000cc   0x0800289c   0x00000004   PAD
    0x200000d0        -       0x00000046   Zero   RW         1182    .bss..L_MergedGlobals  registers.o
    0x20000116   0x0800289c   0x00000002   PAD
    0x20000118        -       0x0000000c   Zero   RW         1241    .bss..L_MergedGlobals  stm8_interrupt_vector.o
    0x20000124   0x0800289c   0x0000000c   PAD
    0x20000130        -       0x0000004c   Zero   RW           19    .bss..L_MergedGlobals.1  main.o
    0x2000017c   0x0800289c   0x00000004   PAD
    0x20000180        -       0x00000064   Zero   RW           20    .bss..L_MergedGlobals.2  main.o
    0x200001e4        -       0x00000001   Zero   RW         1324    .bss.mic            main_8.o
    0x200001e5        -       0x00000001   Zero   RW         1328    .bss.nosound_count  main_8.o
    0x200001e6        -       0x00000001   Zero   RW         1224    .bss.recvPacket     stm8_interrupt_vector.o
    0x200001e7   0x0800289c   0x00000001   PAD
    0x200001e8        -       0x00000014   Zero   RW         1331    .bss.reply          main_8.o
    0x200001fc        -       0x00000001   Zero   RW         1223    .bss.rxSize         stm8_interrupt_vector.o
    0x200001fd        -       0x00000001   Zero   RW         1323    .bss.sound_on       main_8.o
    0x200001fe   0x0800289c   0x00000002   PAD
    0x20000200        -       0x00000004   Zero   RW         1222    .bss.txBuffer       stm8_interrupt_vector.o
    0x20000204        -       0x00000014   Zero   RW         1238    .bss.uartRxBuffer   stm8_interrupt_vector.o
    0x20000218        -       0x00000200   Zero   RW            2    HEAP                startup_stm32c031xx.o
    0x20000418        -       0x00000400   Zero   RW            1    STACK               startup_stm32c031xx.o


==============================================================================

Image component sizes


      Code (inc. data)   RO Data    RW Data    ZI Data      Debug   Object Name

       176         40          0          0          0       2238   adc.o
        52          0          0          0          0        547   clock.o
       810         48          0          0        252      10957   main.o
       892        220        277          0         23       3710   main_8.o
       300          4          0          0         70       3246   registers.o
       240         68        576         12          0       2281   sounder.o
        56         26        192          0       1536        600   startup_stm32c031xx.o
       114          4          0         12          0       7127   stm32c0xx_hal.o
      1284         56          0          0          0      20116   stm32c0xx_hal_adc.o
       124         20          0          0          0       6514   stm32c0xx_hal_cortex.o
       456         16          0          0          0       4981   stm32c0xx_hal_gpio.o
       232         20          0          0          0       8498   stm32c0xx_hal_msp.o
      1132         44          0          0          0       7110   stm32c0xx_hal_rcc.o
       260          8          0          0          0       4503   stm32c0xx_hal_rcc_ex.o
      1352         54          0          0          0      46708   stm32c0xx_hal_tim.o
       264         16          0          0          0      21036   stm32c0xx_hal_tim_ex.o
        16          0          0          0          0        819   stm32c0xx_it.o
         0          0          0          0         38       4911   stm8_interrupt_vector.o
        16          4         64          4          0       2024   system_stm32c0xx.o
       104         12          0          0          0       1038   timers.o
       368         52          0          0          0       3669   usart.o
       126          8          0          0          0       6759   wrap.o

    ----------------------------------------------------------------------
      8384        720       1144         28       1948     169392   Object Totals
         0          0         32          0          0          0   (incl. Generated)
        10          0          3          0         29          0   (incl. Padding)

    ----------------------------------------------------------------------

      Code (inc. data)   RO Data    RW Data    ZI Data      Debug   Library Member Name

         8          0          0          0          0         68   __main.o
         0          0          0          0          0          0   __rtentry.o
        12          0          0          0          0          0   __rtentry2.o
         6          0          0          0          0          0   __rtentry4.o
        60          8          0          0          0          0   __scatter.o
        26          0          0          0          0          0   __scatter_copy.o
        28          0          0          0          0          0   __scatter_zi.o
       346          0          0          0          0         92   aeabi_sdiv.o
        16          0          0          0          0         68   exit.o
         6          0          0          0          0        136   heapauxi.o
         0          0          0          0          0          0   indicate_semi.o
         2          0          0          0          0          0   libinit.o
         2          0          0          0          0          0   libinit2.o
         2          0          0          0          0          0   libshutdown.o
         2          0          0          0          0          0   libshutdown2.o
         8          4          0          0         96         68   libspace.o
        64          0          0          0          0        108   rt_memclr.o
         2          0          0          0          0          0   rtexit.o
        10          0          0          0          0          0   rtexit2.o
        76          6          0          0          0         72   strcpy.o
        68          6          0          0          0         72   strlen.o
        12          4          0          0          0         60   sys_exit.o
        62          0          0          0          0         80   sys_stackheap_outer.o
         2          0          0          0          0         68   use_no_semi.o

    ----------------------------------------------------------------------
       828         28          0          0         96        892   Library Totals
         8          0          0          0          0          0   (incl. Padding)

    ----------------------------------------------------------------------

      Code (inc. data)   RO Data    RW Data    ZI Data      Debug   Library Name

       820         28          0          0         96        892   c_p.l

    ----------------------------------------------------------------------
       828         28          0          0         96        892   Library Totals

    ----------------------------------------------------------------------

==============================================================================


      Code (inc. data)   RO Data    RW Data    ZI Data      Debug   

      9212        748       1144         28       2044     169704   Grand Totals
      9212        748       1144         28       2044     169704   ELF Image Totals
      9212        748       1144         28          0          0   ROM Totals

==============================================================================

    Total RO  Size (Code + RO Data)                10356 (  10.11kB)
    Total RW  Size (RW Data + ZI Data)              2072 (   2.02kB)
    Total ROM Size (Code + RO Data + RW Data)      10384 (  10.14kB)

==============================================================================

